<html>
<body>
<pre>
<h1>µVision Build Log</h1>
<h2>Tool Versions:</h2>
IDE-Version: µVision V5.14.0.0
Copyright (C) 2015 ARM Ltd and ARM Germany GmbH. All rights reserved.
License Information: Julian Brown, Apple, LIC=----
 
Tool Versions:
Toolchain:       MDK-Lite  Version: 5.14.0.0
Toolchain Path:  C:\Keil_v5\ARM\ARMCC\Bin
C Compiler:      Armcc.exe V5.05 update 1 (build 106)
Assembler:       Armasm.exe V5.05 update 1 (build 106)
Linker/Locator:  ArmLink.exe V5.05 update 1 (build 106)
Library Manager: ArmAr.exe V5.05 update 1 (build 106)
Hex Converter:   FromElf.exe V5.05 update 1 (build 106)
CPU DLL:         SARMCM3.DLL V5.14.0.0
Dialog DLL:      DCM.DLL V1.13.1.0
Target DLL:      STLink\ST-LINKIII-KEIL_SWO.dll V2.0.14.0_KEIL
Dialog DLL:      TCM.DLL V1.14.4.0
 
<h2>Project:</h2>
C:\Users\julianbrown\Documents\MDK\Boards\ST\STM32F401C-Discovery\atµ\atµ\project.uvprojx
Project File Date:  06/02/2015

<h2>Output:</h2>
Build target 'STM32F401C-Discovery'
assembling startup_stm32f401xx.s...
compiling main.c...
User\main.c(12): warning:  #177-D: variable "j" was declared but never referenced
        uint8_t j = 0;
User\main.c: 1 warning, 0 errors
linking...
Program Size: Code=6224 RO-data=436 RW-data=60 ZI-data=1964  
FromELF: creating hex file...
".\Targets\STM32F401_Discovery\project.axf" - 0 Error(s), 1 Warning(s).

<h2>Collection of Component include folders:</h2>
  C:\Users\julianbrown\Documents\MDK\Boards\ST\STM32F401C-Discovery\atµ\atµ\RTE
  C:\Keil_v5\ARM\PACK\Keil\STM32F4xx_DFP\2.4.0

<h2>Collection of Component Files used:</h2>
</pre>
</body>
</html>
