Component: ARM Compiler 5.05 update 1 (build 106) Tool: armlink [4d0efa]

==============================================================================

Section Cross References

    startup_stm32f401xx.o(RESET) refers to startup_stm32f401xx.o(STACK) for __initial_sp
    startup_stm32f401xx.o(RESET) refers to startup_stm32f401xx.o(.text) for Reset_Handler
    startup_stm32f401xx.o(RESET) refers to stm32f4xx_it.o(.text) for NMI_Handler
    startup_stm32f401xx.o(RESET) refers to auto_sampler.o(.text) for ADC_IRQHandler
    startup_stm32f401xx.o(RESET) refers to usart.o(.text) for USART1_IRQHandler
    startup_stm32f401xx.o(.text) refers to system_stm32f4xx.o(.text) for SystemInit
    startup_stm32f401xx.o(.text) refers to entry.o(.ARM.Collect$$$$00000000) for __main
    stm32f4xx_rcc.o(.text) refers to stm32f4xx_rcc.o(.data) for .data
    stm32f4xx_gpio.o(.text) refers to stm32f4xx_rcc.o(.text) for RCC_AHB1PeriphResetCmd
    stm32f4xx_tim.o(.text) refers to stm32f4xx_rcc.o(.text) for RCC_APB2PeriphResetCmd
    stm32f4xx_usart.o(.text) refers to stm32f4xx_rcc.o(.text) for RCC_APB2PeriphResetCmd
    stm32f4xx_adc.o(.text) refers to stm32f4xx_rcc.o(.text) for RCC_APB2PeriphResetCmd
    tm_stm32f4_delay.o(.text) refers to stm32f4xx_rcc.o(.text) for RCC_HSEConfig
    tm_stm32f4_delay.o(.text) refers to tm_stm32f4_delay.o(.data) for .data
    tm_stm32f4_delay.o(.text) refers to system_stm32f4xx.o(.data) for SystemCoreClock
    tm_stm32f4_disco.o(.text) refers to stm32f4xx_rcc.o(.text) for RCC_AHB1PeriphClockCmd
    tm_stm32f4_disco.o(.text) refers to stm32f4xx_gpio.o(.text) for GPIO_Init
    tm_stm32f4_disco.o(.text) refers to tm_stm32f4_disco.o(.data) for .data
    tm_stm32f4_gpio.o(.text) refers to stm32f4xx_gpio.o(.text) for GPIO_Init
    tm_stm32f4_gpio.o(.text) refers to tm_stm32f4_gpio.o(.data) for .data
    tm_stm32f4_swo.o(.text) refers to tm_stm32f4_stdio.o(.text) for TM_STDIO_SetOutputFunction
    tm_stm32f4_swo.o(.text) refers to tm_stm32f4_swo.o(.data) for .data
    main.o(.text) refers to tm_stm32f4_swo.o(.text) for TM_SWO_Init
    main.o(.text) refers to tm_stm32f4_delay.o(.text) for TM_DELAY_Init
    main.o(.text) refers to auto_sampler.o(.text) for AutoSampler_Init
    main.o(.text) refers to ws2812b.o(.text) for WS2812_init
    main.o(.text) refers to usart.o(.text) for init_USART1
    main.o(.text) refers to printfb.o(i.__0fprintf$bare) for __2fprintf
    main.o(.text) refers to fft_processor.o(.text) for FFTProcessor_Run
    main.o(.text) refers to tm_stm32f4_swo.o(.data) for TM_SWO_File
    main.o(.text) refers to tm_stm32f4_delay.o(.data) for mult
    stm32f4xx_it.o(.text) refers to tm_stm32f4_delay.o(.text) for TimingDelay_Decrement
    system_stm32f4xx.o(.text) refers to system_stm32f4xx.o(.data) for .data
    ws2812b.o(.text) refers to stm32f4xx_rcc.o(.text) for RCC_AHB1PeriphClockCmd
    ws2812b.o(.text) refers to stm32f4xx_gpio.o(.text) for GPIO_Init
    ws2812b.o(.text) refers to stm32f4xx_tim.o(.text) for TIM_TimeBaseInit
    ws2812b.o(.text) refers to stm32f4xx_dma.o(.text) for DMA_DeInit
    ws2812b.o(.text) refers to memseta.o(.text) for __aeabi_memclr
    ws2812b.o(.text) refers to ws2812b.o(.data) for .data
    ws2812b.o(.text) refers to ws2812b.o(.bss) for .bss
    usart.o(.text) refers to stm32f4xx_rcc.o(.text) for RCC_APB2PeriphClockCmd
    usart.o(.text) refers to stm32f4xx_gpio.o(.text) for GPIO_Init
    usart.o(.text) refers to stm32f4xx_usart.o(.text) for USART_Init
    usart.o(.text) refers to misc.o(.text) for NVIC_Init
    usart.o(.text) refers to printfa.o(i.__0fprintf) for __c89fprintf
    usart.o(.text) refers to usart.o(.bss) for .bss
    usart.o(.text) refers to usart.o(.data) for .data
    usart.o(.text) refers to tm_stm32f4_swo.o(.data) for TM_SWO_File
    auto_sampler.o(.text) refers to stm32f4xx_rcc.o(.text) for RCC_APB1PeriphClockCmd
    auto_sampler.o(.text) refers to stm32f4xx_tim.o(.text) for TIM_TimeBaseStructInit
    auto_sampler.o(.text) refers to stm32f4xx_dma.o(.text) for DMA_Init
    auto_sampler.o(.text) refers to stm32f4xx_adc.o(.text) for ADC_CommonInit
    auto_sampler.o(.text) refers to misc.o(.text) for NVIC_Init
    auto_sampler.o(.text) refers to stm32f4xx_gpio.o(.text) for GPIO_Init
    auto_sampler.o(.text) refers to auto_sampler.o(.data) for .data
    fft_processor.o(.text) refers to auto_sampler.o(.text) for AutoSampler_Start
    fft_processor.o(.text) refers to arm_cfft_radix4_init_f32.o(.text) for arm_cfft_radix4_init_f32
    fft_processor.o(.text) refers to arm_cfft_radix4_f32.o(.text) for arm_cfft_radix4_f32
    fft_processor.o(.text) refers to arm_cmplx_mag_f32.o(.text) for arm_cmplx_mag_f32
    fft_processor.o(.text) refers to fft_processor.o(.bss) for .bss
    arm_cfft_radix4_f32.o(.text) refers to arm_bitreversal.o(.text) for arm_bitreversal_f32
    arm_cfft_radix4_init_f32.o(.text) refers to arm_common_tables.o(.constdata) for twiddleCoef_4096
[...]
    printf0.o(i.__0sprintf$0) refers to printf0.o(i._printf_core) for _printf_core
    printf0.o(i.__0sprintf$0) refers to printf0.o(i._sputc) for _sputc
    printf0.o(i.__0vfprintf$0) refers to printf0.o(i._printf_core) for _printf_core
    printf0.o(i.__0vfprintf$0) refers to tm_stm32f4_stdio.o(.text) for fputc
    printf0.o(i.__0vprintf$0) refers to printf0.o(i._printf_core) for _printf_core
    printf0.o(i.__0vprintf$0) refers to tm_stm32f4_stdio.o(.text) for fputc
    printf0.o(i.__0vprintf$0) refers to tm_stm32f4_stdio.o(.data) for __stdout
    printf0.o(i.__0vsnprintf$0) refers to printf0.o(i._printf_core) for _printf_core
    printf0.o(i.__0vsnprintf$0) refers to printf0.o(i._snputc) for _snputc
    printf0.o(i.__0vsprintf$0) refers to printf0.o(i._printf_core) for _printf_core
    printf0.o(i.__0vsprintf$0) refers to printf0.o(i._sputc) for _sputc
    printf1.o(i.__0fprintf$1) refers to printf1.o(i._printf_core) for _printf_core
    printf1.o(i.__0fprintf$1) refers to tm_stm32f4_stdio.o(.text) for fputc
    printf1.o(i.__0printf$1) refers to printf1.o(i._printf_core) for _printf_core
    printf1.o(i.__0printf$1) refers to tm_stm32f4_stdio.o(.text) for fputc
    printf1.o(i.__0printf$1) refers to tm_stm32f4_stdio.o(.data) for __stdout
    printf1.o(i.__0snprintf$1) refers to printf1.o(i._printf_core) for _printf_core
    printf1.o(i.__0snprintf$1) refers to printf1.o(i._snputc) for _snputc
    printf1.o(i.__0sprintf$1) refers to printf1.o(i._printf_core) for _printf_core
    printf1.o(i.__0sprintf$1) refers to printf1.o(i._sputc) for _sputc
    printf1.o(i.__0vfprintf$1) refers to printf1.o(i._printf_core) for _printf_core
    printf1.o(i.__0vfprintf$1) refers to tm_stm32f4_stdio.o(.text) for fputc
    printf1.o(i.__0vprintf$1) refers to printf1.o(i._printf_core) for _printf_core
    printf1.o(i.__0vprintf$1) refers to tm_stm32f4_stdio.o(.text) for fputc
    printf1.o(i.__0vprintf$1) refers to tm_stm32f4_stdio.o(.data) for __stdout
    printf1.o(i.__0vsnprintf$1) refers to printf1.o(i._printf_core) for _printf_core
    printf1.o(i.__0vsnprintf$1) refers to printf1.o(i._snputc) for _snputc
    printf1.o(i.__0vsprintf$1) refers to printf1.o(i._printf_core) for _printf_core
    printf1.o(i.__0vsprintf$1) refers to printf1.o(i._sputc) for _sputc
    printf1.o(i._printf_core) refers to uidiv.o(.text) for __aeabi_uidivmod
    printf2.o(i.__0fprintf$2) refers to printf2.o(i._printf_core) for _printf_core
    printf2.o(i.__0fprintf$2) refers to tm_stm32f4_stdio.o(.text) for fputc
    printf2.o(i.__0printf$2) refers to printf2.o(i._printf_core) for _printf_core
    printf2.o(i.__0printf$2) refers to tm_stm32f4_stdio.o(.text) for fputc
    printf2.o(i.__0printf$2) refers to tm_stm32f4_stdio.o(.data) for __stdout
    printf2.o(i.__0snprintf$2) refers to printf2.o(i._printf_core) for _printf_core
    printf2.o(i.__0snprintf$2) refers to printf2.o(i._snputc) for _snputc
    printf2.o(i.__0sprintf$2) refers to printf2.o(i._printf_core) for _printf_core
    printf2.o(i.__0sprintf$2) refers to printf2.o(i._sputc) for _sputc
    printf2.o(i.__0vfprintf$2) refers to printf2.o(i._printf_core) for _printf_core
    printf2.o(i.__0vfprintf$2) refers to tm_stm32f4_stdio.o(.text) for fputc
    printf2.o(i.__0vprintf$2) refers to printf2.o(i._printf_core) for _printf_core
    printf2.o(i.__0vprintf$2) refers to tm_stm32f4_stdio.o(.text) for fputc
    printf2.o(i.__0vprintf$2) refers to tm_stm32f4_stdio.o(.data) for __stdout
    printf2.o(i.__0vsnprintf$2) refers to printf2.o(i._printf_core) for _printf_core
    printf2.o(i.__0vsnprintf$2) refers to printf2.o(i._snputc) for _snputc
    printf2.o(i.__0vsprintf$2) refers to printf2.o(i._printf_core) for _printf_core
    printf2.o(i.__0vsprintf$2) refers to printf2.o(i._sputc) for _sputc
    printf3.o(i.__0fprintf$3) refers to printf3.o(i._printf_core) for _printf_core
    printf3.o(i.__0fprintf$3) refers to tm_stm32f4_stdio.o(.text) for fputc
    printf3.o(i.__0printf$3) refers to printf3.o(i._printf_core) for _printf_core
    printf3.o(i.__0printf$3) refers to tm_stm32f4_stdio.o(.text) for fputc
    printf3.o(i.__0printf$3) refers to tm_stm32f4_stdio.o(.data) for __stdout
    printf3.o(i.__0snprintf$3) refers to printf3.o(i._printf_core) for _printf_core
    printf3.o(i.__0snprintf$3) refers to printf3.o(i._snputc) for _snputc
    printf3.o(i.__0sprintf$3) refers to printf3.o(i._printf_core) for _printf_core
    printf3.o(i.__0sprintf$3) refers to printf3.o(i._sputc) for _sputc
    printf3.o(i.__0vfprintf$3) refers to printf3.o(i._printf_core) for _printf_core
    printf3.o(i.__0vfprintf$3) refers to tm_stm32f4_stdio.o(.text) for fputc
    printf3.o(i.__0vprintf$3) refers to printf3.o(i._printf_core) for _printf_core
    printf3.o(i.__0vprintf$3) refers to tm_stm32f4_stdio.o(.text) for fputc
    printf3.o(i.__0vprintf$3) refers to tm_stm32f4_stdio.o(.data) for __stdout
    printf3.o(i.__0vsnprintf$3) refers to printf3.o(i._printf_core) for _printf_core
    printf3.o(i.__0vsnprintf$3) refers to printf3.o(i._snputc) for _snputc
    printf3.o(i.__0vsprintf$3) refers to printf3.o(i._printf_core) for _printf_core
    printf3.o(i.__0vsprintf$3) refers to printf3.o(i._sputc) for _sputc
    printf3.o(i._printf_core) refers to uidiv.o(.text) for __aeabi_uidivmod
    printf4.o(i.__0fprintf$4) refers to printf4.o(i._printf_core) for _printf_core
    printf4.o(i.__0fprintf$4) refers to tm_stm32f4_stdio.o(.text) for fputc
    printf4.o(i.__0printf$4) refers to printf4.o(i._printf_core) for _printf_core
    printf4.o(i.__0printf$4) refers to tm_stm32f4_stdio.o(.text) for fputc
    printf4.o(i.__0printf$4) refers to tm_stm32f4_stdio.o(.data) for __stdout
    printf4.o(i.__0snprintf$4) refers to printf4.o(i._printf_core) for _printf_core
    printf4.o(i.__0snprintf$4) refers to printf4.o(i._snputc) for _snputc
    printf4.o(i.__0sprintf$4) refers to printf4.o(i._printf_core) for _printf_core
    printf4.o(i.__0sprintf$4) refers to printf4.o(i._sputc) for _sputc
    printf4.o(i.__0vfprintf$4) refers to printf4.o(i._printf_core) for _printf_core
    printf4.o(i.__0vfprintf$4) refers to tm_stm32f4_stdio.o(.text) for fputc
    printf4.o(i.__0vprintf$4) refers to printf4.o(i._printf_core) for _printf_core
    printf4.o(i.__0vprintf$4) refers to tm_stm32f4_stdio.o(.text) for fputc
    printf4.o(i.__0vprintf$4) refers to tm_stm32f4_stdio.o(.data) for __stdout
    printf4.o(i.__0vsnprintf$4) refers to printf4.o(i._printf_core) for _printf_core
    printf4.o(i.__0vsnprintf$4) refers to printf4.o(i._snputc) for _snputc
    printf4.o(i.__0vsprintf$4) refers to printf4.o(i._printf_core) for _printf_core
    printf4.o(i.__0vsprintf$4) refers to printf4.o(i._sputc) for _sputc
    printf4.o(i._printf_core) refers to uldiv.o(.text) for __aeabi_uldivmod
    printf5.o(i.__0fprintf$5) refers to printf5.o(i._printf_core) for _printf_core
    printf5.o(i.__0fprintf$5) refers to tm_stm32f4_stdio.o(.text) for fputc
    printf5.o(i.__0printf$5) refers to printf5.o(i._printf_core) for _printf_core
    printf5.o(i.__0printf$5) refers to tm_stm32f4_stdio.o(.text) for fputc
    printf5.o(i.__0printf$5) refers to tm_stm32f4_stdio.o(.data) for __stdout
    printf5.o(i.__0snprintf$5) refers to printf5.o(i._printf_core) for _printf_core
    printf5.o(i.__0snprintf$5) refers to printf5.o(i._snputc) for _snputc
    printf5.o(i.__0sprintf$5) refers to printf5.o(i._printf_core) for _printf_core
    printf5.o(i.__0sprintf$5) refers to printf5.o(i._sputc) for _sputc
    printf5.o(i.__0vfprintf$5) refers to printf5.o(i._printf_core) for _printf_core
    printf5.o(i.__0vfprintf$5) refers to tm_stm32f4_stdio.o(.text) for fputc
    printf5.o(i.__0vprintf$5) refers to printf5.o(i._printf_core) for _printf_core
    printf5.o(i.__0vprintf$5) refers to tm_stm32f4_stdio.o(.text) for fputc
    printf5.o(i.__0vprintf$5) refers to tm_stm32f4_stdio.o(.data) for __stdout
    printf5.o(i.__0vsnprintf$5) refers to printf5.o(i._printf_core) for _printf_core
    printf5.o(i.__0vsnprintf$5) refers to printf5.o(i._snputc) for _snputc
    printf5.o(i.__0vsprintf$5) refers to printf5.o(i._printf_core) for _printf_core
    printf5.o(i.__0vsprintf$5) refers to printf5.o(i._sputc) for _sputc
    printf5.o(i._printf_core) refers to uldiv.o(.text) for __aeabi_uldivmod
    printf6.o(i.__0fprintf$6) refers to printf6.o(i._printf_core) for _printf_core
    printf6.o(i.__0fprintf$6) refers to tm_stm32f4_stdio.o(.text) for fputc
    printf6.o(i.__0printf$6) refers to printf6.o(i._printf_core) for _printf_core
    printf6.o(i.__0printf$6) refers to tm_stm32f4_stdio.o(.text) for fputc
    printf6.o(i.__0printf$6) refers to tm_stm32f4_stdio.o(.data) for __stdout
    printf6.o(i.__0snprintf$6) refers to printf6.o(i._printf_core) for _printf_core
    printf6.o(i.__0snprintf$6) refers to printf6.o(i._snputc) for _snputc
    printf6.o(i.__0sprintf$6) refers to printf6.o(i._printf_core) for _printf_core
    printf6.o(i.__0sprintf$6) refers to printf6.o(i._sputc) for _sputc
    printf6.o(i.__0vfprintf$6) refers to printf6.o(i._printf_core) for _printf_core
    printf6.o(i.__0vfprintf$6) refers to tm_stm32f4_stdio.o(.text) for fputc
    printf6.o(i.__0vprintf$6) refers to printf6.o(i._printf_core) for _printf_core
    printf6.o(i.__0vprintf$6) refers to tm_stm32f4_stdio.o(.text) for fputc
    printf6.o(i.__0vprintf$6) refers to tm_stm32f4_stdio.o(.data) for __stdout
    printf6.o(i.__0vsnprintf$6) refers to printf6.o(i._printf_core) for _printf_core
    printf6.o(i.__0vsnprintf$6) refers to printf6.o(i._snputc) for _snputc
    printf6.o(i.__0vsprintf$6) refers to printf6.o(i._printf_core) for _printf_core
    printf6.o(i.__0vsprintf$6) refers to printf6.o(i._sputc) for _sputc
    printf6.o(i._printf_core) refers to printf6.o(i._printf_pre_padding) for _printf_pre_padding
    printf6.o(i._printf_core) refers to uidiv.o(.text) for __aeabi_uidivmod
    printf6.o(i._printf_core) refers to printf6.o(i._printf_post_padding) for _printf_post_padding
    printf7.o(i.__0fprintf$7) refers to printf7.o(i._printf_core) for _printf_core
    printf7.o(i.__0fprintf$7) refers to tm_stm32f4_stdio.o(.text) for fputc
    printf7.o(i.__0printf$7) refers to printf7.o(i._printf_core) for _printf_core
    printf7.o(i.__0printf$7) refers to tm_stm32f4_stdio.o(.text) for fputc
    printf7.o(i.__0printf$7) refers to tm_stm32f4_stdio.o(.data) for __stdout
    printf7.o(i.__0snprintf$7) refers to printf7.o(i._printf_core) for _printf_core
    printf7.o(i.__0snprintf$7) refers to printf7.o(i._snputc) for _snputc
    printf7.o(i.__0sprintf$7) refers to printf7.o(i._printf_core) for _printf_core
    printf7.o(i.__0sprintf$7) refers to printf7.o(i._sputc) for _sputc
    printf7.o(i.__0vfprintf$7) refers to printf7.o(i._printf_core) for _printf_core
    printf7.o(i.__0vfprintf$7) refers to tm_stm32f4_stdio.o(.text) for fputc
    printf7.o(i.__0vprintf$7) refers to printf7.o(i._printf_core) for _printf_core
    printf7.o(i.__0vprintf$7) refers to tm_stm32f4_stdio.o(.text) for fputc
    printf7.o(i.__0vprintf$7) refers to tm_stm32f4_stdio.o(.data) for __stdout
    printf7.o(i.__0vsnprintf$7) refers to printf7.o(i._printf_core) for _printf_core
    printf7.o(i.__0vsnprintf$7) refers to printf7.o(i._snputc) for _snputc
    printf7.o(i.__0vsprintf$7) refers to printf7.o(i._printf_core) for _printf_core
    printf7.o(i.__0vsprintf$7) refers to printf7.o(i._sputc) for _sputc
    printf7.o(i._printf_core) refers to printf7.o(i._printf_pre_padding) for _printf_pre_padding
    printf7.o(i._printf_core) refers to uldiv.o(.text) for __aeabi_uldivmod
    printf7.o(i._printf_core) refers to printf7.o(i._printf_post_padding) for _printf_post_padding
    printf8.o(i.__0fprintf$8) refers to printf8.o(i._printf_core) for _printf_core
    printf8.o(i.__0fprintf$8) refers to tm_stm32f4_stdio.o(.text) for fputc
    printf8.o(i.__0printf$8) refers to printf8.o(i._printf_core) for _printf_core
    printf8.o(i.__0printf$8) refers to tm_stm32f4_stdio.o(.text) for fputc
    printf8.o(i.__0printf$8) refers to tm_stm32f4_stdio.o(.data) for __stdout
    printf8.o(i.__0snprintf$8) refers to printf8.o(i._printf_core) for _printf_core
    printf8.o(i.__0snprintf$8) refers to printf8.o(i._snputc) for _snputc
    printf8.o(i.__0sprintf$8) refers to printf8.o(i._printf_core) for _printf_core
    printf8.o(i.__0sprintf$8) refers to printf8.o(i._sputc) for _sputc
    printf8.o(i.__0vfprintf$8) refers to printf8.o(i._printf_core) for _printf_core
    printf8.o(i.__0vfprintf$8) refers to tm_stm32f4_stdio.o(.text) for fputc
    printf8.o(i.__0vprintf$8) refers to printf8.o(i._printf_core) for _printf_core
    printf8.o(i.__0vprintf$8) refers to tm_stm32f4_stdio.o(.text) for fputc
    printf8.o(i.__0vprintf$8) refers to tm_stm32f4_stdio.o(.data) for __stdout
    printf8.o(i.__0vsnprintf$8) refers to printf8.o(i._printf_core) for _printf_core
    printf8.o(i.__0vsnprintf$8) refers to printf8.o(i._snputc) for _snputc
    printf8.o(i.__0vsprintf$8) refers to printf8.o(i._printf_core) for _printf_core
    printf8.o(i.__0vsprintf$8) refers to printf8.o(i._sputc) for _sputc
    printf8.o(i._printf_core) refers to printf8.o(i._printf_pre_padding) for _printf_pre_padding
    printf8.o(i._printf_core) refers to uldiv.o(.text) for __aeabi_uldivmod
    printf8.o(i._printf_core) refers to printf8.o(i._printf_post_padding) for _printf_post_padding
    printfa.o(i.__0fprintf) refers (Special) to iusefp.o(.text) for __I$use$fp
    printfa.o(i.__0fprintf) refers to printfa.o(i._printf_core) for _printf_core
    printfa.o(i.__0fprintf) refers to tm_stm32f4_stdio.o(.text) for fputc
    printfa.o(i.__0printf) refers (Special) to iusefp.o(.text) for __I$use$fp
    printfa.o(i.__0printf) refers to printfa.o(i._printf_core) for _printf_core
    printfa.o(i.__0printf) refers to tm_stm32f4_stdio.o(.text) for fputc
    printfa.o(i.__0printf) refers to tm_stm32f4_stdio.o(.data) for __stdout
    printfa.o(i.__0snprintf) refers (Special) to iusefp.o(.text) for __I$use$fp
    printfa.o(i.__0snprintf) refers to printfa.o(i._printf_core) for _printf_core
    printfa.o(i.__0snprintf) refers to printfa.o(i._snputc) for _snputc
    printfa.o(i.__0sprintf) refers (Special) to iusefp.o(.text) for __I$use$fp
    printfa.o(i.__0sprintf) refers to printfa.o(i._printf_core) for _printf_core
    printfa.o(i.__0sprintf) refers to printfa.o(i._sputc) for _sputc
    printfa.o(i.__0vfprintf) refers (Special) to iusefp.o(.text) for __I$use$fp
    printfa.o(i.__0vfprintf) refers to printfa.o(i._printf_core) for _printf_core
    printfa.o(i.__0vfprintf) refers to tm_stm32f4_stdio.o(.text) for fputc
    printfa.o(i.__0vprintf) refers (Special) to iusefp.o(.text) for __I$use$fp
    printfa.o(i.__0vprintf) refers to printfa.o(i._printf_core) for _printf_core
    printfa.o(i.__0vprintf) refers to tm_stm32f4_stdio.o(.text) for fputc
    printfa.o(i.__0vprintf) refers to tm_stm32f4_stdio.o(.data) for __stdout
    printfa.o(i.__0vsnprintf) refers (Special) to iusefp.o(.text) for __I$use$fp
    printfa.o(i.__0vsnprintf) refers to printfa.o(i._printf_core) for _printf_core
    printfa.o(i.__0vsnprintf) refers to printfa.o(i._snputc) for _snputc
    printfa.o(i.__0vsprintf) refers (Special) to iusefp.o(.text) for __I$use$fp
    printfa.o(i.__0vsprintf) refers to printfa.o(i._printf_core) for _printf_core
    printfa.o(i.__0vsprintf) refers to printfa.o(i._sputc) for _sputc
    printfa.o(i._fp_digits) refers (Special) to iusefp.o(.text) for __I$use$fp
    printfa.o(i._fp_digits) refers to dmul.o(.text) for __aeabi_dmul
    printfa.o(i._fp_digits) refers to ddiv.o(.text) for __aeabi_ddiv
    printfa.o(i._fp_digits) refers to cdrcmple.o(.text) for __aeabi_cdrcmple
    printfa.o(i._fp_digits) refers to dadd.o(.text) for __aeabi_dadd
    printfa.o(i._fp_digits) refers to dfixul.o(.text) for __aeabi_d2ulz
    printfa.o(i._fp_digits) refers to uldiv.o(.text) for __aeabi_uldivmod
    printfa.o(i._printf_core) refers (Special) to iusefp.o(.text) for __I$use$fp
    printfa.o(i._printf_core) refers to printfa.o(i._printf_pre_padding) for _printf_pre_padding
    printfa.o(i._printf_core) refers to uldiv.o(.text) for __aeabi_uldivmod
    printfa.o(i._printf_core) refers to printfa.o(i._printf_post_padding) for _printf_post_padding
    printfa.o(i._printf_core) refers to printfa.o(i._fp_digits) for _fp_digits
    printfa.o(i._printf_core) refers to uidiv.o(.text) for __aeabi_uidivmod
    printfa.o(i._printf_post_padding) refers (Special) to iusefp.o(.text) for __I$use$fp
    printfa.o(i._printf_pre_padding) refers (Special) to iusefp.o(.text) for __I$use$fp
    printfa.o(i._snputc) refers (Special) to iusefp.o(.text) for __I$use$fp
    printfa.o(i._sputc) refers (Special) to iusefp.o(.text) for __I$use$fp
    entry2.o(.ARM.Collect$$$$00000001) refers to entry2.o(.ARM.Collect$$$$00002712) for __lit__00000000
    entry2.o(.ARM.Collect$$$$00002712) refers to startup_stm32f401xx.o(STACK) for __initial_sp
    entry2.o(__vectab_stack_and_reset_area) refers to startup_stm32f401xx.o(STACK) for __initial_sp
    entry2.o(__vectab_stack_and_reset_area) refers to entry.o(.ARM.Collect$$$$00000000) for __main
    entry5.o(.ARM.Collect$$$$00000004) refers to init.o(.text) for __scatterload
    entry9a.o(.ARM.Collect$$$$0000000B) refers to main.o(.text) for main
    entry9b.o(.ARM.Collect$$$$0000000C) refers to main.o(.text) for main
    uldiv.o(.text) refers to llushr.o(.text) for __aeabi_llsr
    uldiv.o(.text) refers to llshl.o(.text) for __aeabi_llsl
    dadd.o(.text) refers to llshl.o(.text) for __aeabi_llsl
    dadd.o(.text) refers to llsshr.o(.text) for __aeabi_lasr
    dadd.o(.text) refers to depilogue.o(.text) for _double_epilogue
    dmul.o(.text) refers to depilogue.o(.text) for _double_epilogue
    ddiv.o(.text) refers to depilogue.o(.text) for _double_round
    dfixul.o(.text) refers to llushr.o(.text) for __aeabi_llsr
    dfixul.o(.text) refers to llshl.o(.text) for __aeabi_llsl
    init.o(.text) refers to entry5.o(.ARM.Collect$$$$00000004) for __main_after_scatterload
    depilogue.o(.text) refers to llshl.o(.text) for __aeabi_llsl
    depilogue.o(.text) refers to llushr.o(.text) for __aeabi_llsr


==============================================================================

Removing Unused input sections from the image.

    Removing startup_stm32f401xx.o(HEAP), (512 bytes).
    Removing misc.o(.rev16_text), (4 bytes).
    Removing misc.o(.revsh_text), (4 bytes).
    Removing misc.o(.rrx_text), (6 bytes).
    Removing stm32f4xx_rcc.o(.rev16_text), (4 bytes).
    Removing stm32f4xx_rcc.o(.revsh_text), (4 bytes).
    Removing stm32f4xx_rcc.o(.rrx_text), (6 bytes).
    Removing stm32f4xx_gpio.o(.rev16_text), (4 bytes).
    Removing stm32f4xx_gpio.o(.revsh_text), (4 bytes).
    Removing stm32f4xx_gpio.o(.rrx_text), (6 bytes).
    Removing stm32f4xx_dma.o(.rev16_text), (4 bytes).
    Removing stm32f4xx_dma.o(.revsh_text), (4 bytes).
    Removing stm32f4xx_dma.o(.rrx_text), (6 bytes).
    Removing stm32f4xx_tim.o(.rev16_text), (4 bytes).
    Removing stm32f4xx_tim.o(.revsh_text), (4 bytes).
    Removing stm32f4xx_tim.o(.rrx_text), (6 bytes).
    Removing stm32f4xx_usart.o(.rev16_text), (4 bytes).
    Removing stm32f4xx_usart.o(.revsh_text), (4 bytes).
    Removing stm32f4xx_usart.o(.rrx_text), (6 bytes).
    Removing stm32f4xx_adc.o(.rev16_text), (4 bytes).
    Removing stm32f4xx_adc.o(.revsh_text), (4 bytes).
    Removing stm32f4xx_adc.o(.rrx_text), (6 bytes).
    Removing tm_stm32f4_delay.o(.rev16_text), (4 bytes).
    Removing tm_stm32f4_delay.o(.revsh_text), (4 bytes).
    Removing tm_stm32f4_delay.o(.rrx_text), (6 bytes).
    Removing tm_stm32f4_delay.o(.data), (4 bytes).
    Removing tm_stm32f4_disco.o(.rev16_text), (4 bytes).
    Removing tm_stm32f4_disco.o(.revsh_text), (4 bytes).
    Removing tm_stm32f4_disco.o(.rrx_text), (6 bytes).
    Removing tm_stm32f4_disco.o(.text), (156 bytes).
    Removing tm_stm32f4_disco.o(.data), (1 bytes).
    Removing tm_stm32f4_gpio.o(.rev16_text), (4 bytes).
    Removing tm_stm32f4_gpio.o(.revsh_text), (4 bytes).
    Removing tm_stm32f4_gpio.o(.rrx_text), (6 bytes).
    Removing tm_stm32f4_gpio.o(.text), (488 bytes).
    Removing tm_stm32f4_gpio.o(.data), (8 bytes).
    Removing tm_stm32f4_swo.o(.rev16_text), (4 bytes).
    Removing tm_stm32f4_swo.o(.revsh_text), (4 bytes).
    Removing tm_stm32f4_swo.o(.rrx_text), (6 bytes).
    Removing tm_stm32f4_stdio.o(.rev16_text), (4 bytes).
    Removing tm_stm32f4_stdio.o(.revsh_text), (4 bytes).
    Removing tm_stm32f4_stdio.o(.rrx_text), (6 bytes).
    Removing tm_stm32f4_stdio.o(.data), (8 bytes).
    Removing tm_stm32f4_stdio.o(.data), (8 bytes).
    Removing main.o(.rev16_text), (4 bytes).
    Removing main.o(.revsh_text), (4 bytes).
    Removing main.o(.rrx_text), (6 bytes).
    Removing stm32f4xx_it.o(.rev16_text), (4 bytes).
    Removing stm32f4xx_it.o(.revsh_text), (4 bytes).
    Removing stm32f4xx_it.o(.rrx_text), (6 bytes).
    Removing system_stm32f4xx.o(.rev16_text), (4 bytes).
    Removing system_stm32f4xx.o(.revsh_text), (4 bytes).
    Removing system_stm32f4xx.o(.rrx_text), (6 bytes).
    Removing ws2812b.o(.rev16_text), (4 bytes).
    Removing ws2812b.o(.revsh_text), (4 bytes).
    Removing ws2812b.o(.rrx_text), (6 bytes).
    Removing usart.o(.rev16_text), (4 bytes).
    Removing usart.o(.revsh_text), (4 bytes).
    Removing usart.o(.rrx_text), (6 bytes).
    Removing auto_sampler.o(.rev16_text), (4 bytes).
    Removing auto_sampler.o(.revsh_text), (4 bytes).
    Removing auto_sampler.o(.rrx_text), (6 bytes).
    Removing fft_processor.o(.rev16_text), (4 bytes).
    Removing fft_processor.o(.revsh_text), (4 bytes).
    Removing fft_processor.o(.rrx_text), (6 bytes).
    Removing fft_processor.o(.data), (4 bytes).
    Removing fft_processor.o(.data), (4 bytes).
    Removing fft_processor.o(.data), (2 bytes).
    Removing arm_cmplx_mag_f32.o(.rev16_text), (4 bytes).
    Removing arm_cmplx_mag_f32.o(.revsh_text), (4 bytes).
    Removing arm_cmplx_mag_f32.o(.rrx_text), (6 bytes).
    Removing arm_cfft_radix4_f32.o(.rev16_text), (4 bytes).
    Removing arm_cfft_radix4_f32.o(.revsh_text), (4 bytes).
    Removing arm_cfft_radix4_f32.o(.rrx_text), (6 bytes).
    Removing arm_cfft_radix4_init_f32.o(.rev16_text), (4 bytes).
    Removing arm_cfft_radix4_init_f32.o(.revsh_text), (4 bytes).
    Removing arm_cfft_radix4_init_f32.o(.rrx_text), (6 bytes).
    Removing arm_bitreversal.o(.rev16_text), (4 bytes).
    Removing arm_bitreversal.o(.revsh_text), (4 bytes).
    Removing arm_bitreversal.o(.rrx_text), (6 bytes).
    Removing arm_common_tables.o(.rev16_text), (4 bytes).
    Removing arm_common_tables.o(.revsh_text), (4 bytes).
    Removing arm_common_tables.o(.rrx_text), (6 bytes).
    Removing arm_common_tables.o(.constdata), (128 bytes).
    Removing arm_common_tables.o(.constdata), (256 bytes).
    Removing arm_common_tables.o(.constdata), (512 bytes).
    Removing arm_common_tables.o(.constdata), (1024 bytes).
    Removing arm_common_tables.o(.constdata), (2048 bytes).
    Removing arm_common_tables.o(.constdata), (4096 bytes).
    Removing arm_common_tables.o(.constdata), (8192 bytes).
    Removing arm_common_tables.o(.constdata), (16384 bytes).
    Removing arm_common_tables.o(.constdata), (96 bytes).
    Removing arm_common_tables.o(.constdata), (192 bytes).
    Removing arm_common_tables.o(.constdata), (384 bytes).
    Removing arm_common_tables.o(.constdata), (768 bytes).
    Removing arm_common_tables.o(.constdata), (1536 bytes).
    Removing arm_common_tables.o(.constdata), (3072 bytes).
    Removing arm_common_tables.o(.constdata), (6144 bytes).
    Removing arm_common_tables.o(.constdata), (12288 bytes).
    Removing arm_common_tables.o(.constdata), (24576 bytes).
    Removing arm_common_tables.o(.constdata), (48 bytes).
    Removing arm_common_tables.o(.constdata), (96 bytes).
    Removing arm_common_tables.o(.constdata), (192 bytes).
    Removing arm_common_tables.o(.constdata), (384 bytes).
    Removing arm_common_tables.o(.constdata), (768 bytes).
    Removing arm_common_tables.o(.constdata), (1536 bytes).
    Removing arm_common_tables.o(.constdata), (3072 bytes).
    Removing arm_common_tables.o(.constdata), (6144 bytes).
    Removing arm_common_tables.o(.constdata), (12288 bytes).
    Removing arm_common_tables.o(.constdata), (128 bytes).
    Removing arm_common_tables.o(.constdata), (256 bytes).
    Removing arm_common_tables.o(.constdata), (40 bytes).
    Removing arm_common_tables.o(.constdata), (96 bytes).
    Removing arm_common_tables.o(.constdata), (112 bytes).
    Removing arm_common_tables.o(.constdata), (416 bytes).
    Removing arm_common_tables.o(.constdata), (880 bytes).
    Removing arm_common_tables.o(.constdata), (896 bytes).
    Removing arm_common_tables.o(.constdata), (3600 bytes).
    Removing arm_common_tables.o(.constdata), (7616 bytes).
    Removing arm_common_tables.o(.constdata), (8064 bytes).
    Removing arm_common_tables.o(.constdata), (24 bytes).
    Removing arm_common_tables.o(.constdata), (48 bytes).
    Removing arm_common_tables.o(.constdata), (112 bytes).
    Removing arm_common_tables.o(.constdata), (224 bytes).
    Removing arm_common_tables.o(.constdata), (480 bytes).
    Removing arm_common_tables.o(.constdata), (960 bytes).
    Removing arm_common_tables.o(.constdata), (1984 bytes).
    Removing arm_common_tables.o(.constdata), (3968 bytes).
    Removing arm_common_tables.o(.constdata), (8064 bytes).
    Removing arm_common_tables.o(.constdata), (128 bytes).
    Removing arm_common_tables.o(.constdata), (256 bytes).
    Removing arm_common_tables.o(.constdata), (512 bytes).
    Removing arm_common_tables.o(.constdata), (1024 bytes).
    Removing arm_common_tables.o(.constdata), (2048 bytes).
    Removing arm_common_tables.o(.constdata), (4096 bytes).
    Removing arm_common_tables.o(.constdata), (8192 bytes).
    Removing arm_common_tables.o(.constdata), (16384 bytes).
    Removing arm_common_tables.o(.constdata), (2052 bytes).
    Removing arm_common_tables.o(.constdata), (2052 bytes).
    Removing arm_common_tables.o(.constdata), (1026 bytes).

140 unused section(s) (total 183493 bytes) removed from the image.

==============================================================================

Image Symbol Table

    Local Symbols

    Symbol Name                              Value     Ov Type        Size  Object(Section)

    ../clib/microlib/division.c              0x00000000   Number         0  uidiv.o ABSOLUTE
    ../clib/microlib/division.c              0x00000000   Number         0  uldiv.o ABSOLUTE
    ../clib/microlib/init/entry.s            0x00000000   Number         0  entry7a.o ABSOLUTE
    ../clib/microlib/init/entry.s            0x00000000   Number         0  entry5.o ABSOLUTE
    ../clib/microlib/init/entry.s            0x00000000   Number         0  entry2.o ABSOLUTE
    ../clib/microlib/init/entry.s            0x00000000   Number         0  entry11a.o ABSOLUTE
    ../clib/microlib/init/entry.s            0x00000000   Number         0  entry7b.o ABSOLUTE
    ../clib/microlib/init/entry.s            0x00000000   Number         0  entry11b.o ABSOLUTE
    ../clib/microlib/init/entry.s            0x00000000   Number         0  entry10b.o ABSOLUTE
    ../clib/microlib/init/entry.s            0x00000000   Number         0  entry.o ABSOLUTE
    ../clib/microlib/init/entry.s            0x00000000   Number         0  entry10a.o ABSOLUTE
    ../clib/microlib/init/entry.s            0x00000000   Number         0  entry9b.o ABSOLUTE
    ../clib/microlib/init/entry.s            0x00000000   Number         0  entry9a.o ABSOLUTE
    ../clib/microlib/init/entry.s            0x00000000   Number         0  entry8b.o ABSOLUTE
    ../clib/microlib/init/entry.s            0x00000000   Number         0  entry8a.o ABSOLUTE
    ../clib/microlib/longlong.c              0x00000000   Number         0  llshl.o ABSOLUTE
    ../clib/microlib/longlong.c              0x00000000   Number         0  llushr.o ABSOLUTE
    ../clib/microlib/longlong.c              0x00000000   Number         0  llsshr.o ABSOLUTE
    ../clib/microlib/printf/printf.c         0x00000000   Number         0  printf8.o ABSOLUTE
    ../clib/microlib/printf/printf.c         0x00000000   Number         0  printf5.o ABSOLUTE
    ../clib/microlib/printf/printf.c         0x00000000   Number         0  printfa.o ABSOLUTE
    ../clib/microlib/printf/printf.c         0x00000000   Number         0  printf7.o ABSOLUTE
    ../clib/microlib/printf/printf.c         0x00000000   Number         0  printf6.o ABSOLUTE
    ../clib/microlib/printf/printf.c         0x00000000   Number         0  printf4.o ABSOLUTE
    ../clib/microlib/printf/printf.c         0x00000000   Number         0  printf3.o ABSOLUTE
    ../clib/microlib/printf/printf.c         0x00000000   Number         0  printf2.o ABSOLUTE
    ../clib/microlib/printf/printf.c         0x00000000   Number         0  printf1.o ABSOLUTE
    ../clib/microlib/printf/printf.c         0x00000000   Number         0  printf0.o ABSOLUTE
    ../clib/microlib/printf/printf.c         0x00000000   Number         0  printfb.o ABSOLUTE
    ../clib/microlib/string/memset.c         0x00000000   Number         0  memseta.o ABSOLUTE
    ../clib/microlib/stubs.s                 0x00000000   Number         0  iusefp.o ABSOLUTE
    ../fplib/microlib/fpadd.c                0x00000000   Number         0  dadd.o ABSOLUTE
    ../fplib/microlib/fpdiv.c                0x00000000   Number         0  ddiv.o ABSOLUTE
    ../fplib/microlib/fpepilogue.c           0x00000000   Number         0  depilogue.o ABSOLUTE
    ../fplib/microlib/fpfix.c                0x00000000   Number         0  dfixul.o ABSOLUTE
    ../fplib/microlib/fpmul.c                0x00000000   Number         0  dmul.o ABSOLUTE
    ..\..\STM32F4xx_StdPeriph_Driver\src\stm32f4xx_dma.c 0x00000000   Number         0  stm32f4xx_dma.o ABSOLUTE
    ..\..\STM32F4xx_StdPeriph_Driver\src\stm32f4xx_tim.c 0x00000000   Number         0  stm32f4xx_tim.o ABSOLUTE
    ..\00-STM32F429_LIBRARIES\tm_stm32f4_delay.c 0x00000000   Number         0  tm_stm32f4_delay.o ABSOLUTE
    ..\00-STM32F429_LIBRARIES\tm_stm32f4_disco.c 0x00000000   Number         0  tm_stm32f4_disco.o ABSOLUTE
    ..\00-STM32F429_LIBRARIES\tm_stm32f4_gpio.c 0x00000000   Number         0  tm_stm32f4_gpio.o ABSOLUTE
    ..\00-STM32F429_LIBRARIES\tm_stm32f4_stdio.c 0x00000000   Number         0  tm_stm32f4_stdio.o ABSOLUTE
    ..\00-STM32F429_LIBRARIES\tm_stm32f4_swo.c 0x00000000   Number         0  tm_stm32f4_swo.o ABSOLUTE
    ..\00-STM32F4xx_STANDARD_PERIPHERAL_DRIVERS\CMSIS\DSP_Lib\Source\CommonTables\arm_common_tables.c 0x00000000   Number         0  arm_common_tables.o ABSOLUTE
    ..\00-STM32F4xx_STANDARD_PERIPHERAL_DRIVERS\CMSIS\DSP_Lib\Source\ComplexMathFunctions\arm_cmplx_mag_f32.c 0x00000000   Number         0  arm_cmplx_mag_f32.o ABSOLUTE
    ..\00-STM32F4xx_STANDARD_PERIPHERAL_DRIVERS\CMSIS\DSP_Lib\Source\TransformFunctions\arm_bitreversal.c 0x00000000   Number         0  arm_bitreversal.o ABSOLUTE
    ..\00-STM32F4xx_STANDARD_PERIPHERAL_DRIVERS\CMSIS\DSP_Lib\Source\TransformFunctions\arm_cfft_radix4_f32.c 0x00000000   Number         0  arm_cfft_radix4_f32.o ABSOLUTE
    ..\00-STM32F4xx_STANDARD_PERIPHERAL_DRIVERS\CMSIS\DSP_Lib\Source\TransformFunctions\arm_cfft_radix4_init_f32.c 0x00000000   Number         0  arm_cfft_radix4_init_f32.o ABSOLUTE
    ..\00-STM32F4xx_STANDARD_PERIPHERAL_DRIVERS\CMSIS\Device\ST\STM32F4xx\Source\Templates\arm\startup_stm32f401xx.s 0x00000000   Number         0  startup_stm32f401xx.o ABSOLUTE
    ..\00-STM32F4xx_STANDARD_PERIPHERAL_DRIVERS\STM32F4xx_StdPeriph_Driver\src\misc.c 0x00000000   Number         0  misc.o ABSOLUTE
    ..\00-STM32F4xx_STANDARD_PERIPHERAL_DRIVERS\STM32F4xx_StdPeriph_Driver\src\stm32f4xx_adc.c 0x00000000   Number         0  stm32f4xx_adc.o ABSOLUTE
    ..\00-STM32F4xx_STANDARD_PERIPHERAL_DRIVERS\STM32F4xx_StdPeriph_Driver\src\stm32f4xx_gpio.c 0x00000000   Number         0  stm32f4xx_gpio.o ABSOLUTE
    ..\00-STM32F4xx_STANDARD_PERIPHERAL_DRIVERS\STM32F4xx_StdPeriph_Driver\src\stm32f4xx_rcc.c 0x00000000   Number         0  stm32f4xx_rcc.o ABSOLUTE
    ..\00-STM32F4xx_STANDARD_PERIPHERAL_DRIVERS\STM32F4xx_StdPeriph_Driver\src\stm32f4xx_usart.c 0x00000000   Number         0  stm32f4xx_usart.o ABSOLUTE
    ..\\..\\STM32F4xx_StdPeriph_Driver\\src\\stm32f4xx_dma.c 0x00000000   Number         0  stm32f4xx_dma.o ABSOLUTE
    ..\\..\\STM32F4xx_StdPeriph_Driver\\src\\stm32f4xx_tim.c 0x00000000   Number         0  stm32f4xx_tim.o ABSOLUTE
    ..\\00-STM32F429_LIBRARIES\\tm_stm32f4_delay.c 0x00000000   Number         0  tm_stm32f4_delay.o ABSOLUTE
    ..\\00-STM32F429_LIBRARIES\\tm_stm32f4_disco.c 0x00000000   Number         0  tm_stm32f4_disco.o ABSOLUTE
    ..\\00-STM32F429_LIBRARIES\\tm_stm32f4_gpio.c 0x00000000   Number         0  tm_stm32f4_gpio.o ABSOLUTE
    ..\\00-STM32F429_LIBRARIES\\tm_stm32f4_stdio.c 0x00000000   Number         0  tm_stm32f4_stdio.o ABSOLUTE
    ..\\00-STM32F429_LIBRARIES\\tm_stm32f4_swo.c 0x00000000   Number         0  tm_stm32f4_swo.o ABSOLUTE
    ..\\00-STM32F4xx_STANDARD_PERIPHERAL_DRIVERS\\CMSIS\\DSP_Lib\\Source\\CommonTables\\arm_common_tables.c 0x00000000   Number         0  arm_common_tables.o ABSOLUTE
    ..\\00-STM32F4xx_STANDARD_PERIPHERAL_DRIVERS\\CMSIS\\DSP_Lib\\Source\\ComplexMathFunctions\\arm_cmplx_mag_f32.c 0x00000000   Number         0  arm_cmplx_mag_f32.o ABSOLUTE
    ..\\00-STM32F4xx_STANDARD_PERIPHERAL_DRIVERS\\CMSIS\\DSP_Lib\\Source\\TransformFunctions\\arm_bitreversal.c 0x00000000   Number         0  arm_bitreversal.o ABSOLUTE
    ..\\00-STM32F4xx_STANDARD_PERIPHERAL_DRIVERS\\CMSIS\\DSP_Lib\\Source\\TransformFunctions\\arm_cfft_radix4_f32.c 0x00000000   Number         0  arm_cfft_radix4_f32.o ABSOLUTE
    ..\\00-STM32F4xx_STANDARD_PERIPHERAL_DRIVERS\\CMSIS\\DSP_Lib\\Source\\TransformFunctions\\arm_cfft_radix4_init_f32.c 0x00000000   Number         0  arm_cfft_radix4_init_f32.o ABSOLUTE
    ..\\00-STM32F4xx_STANDARD_PERIPHERAL_DRIVERS\\STM32F4xx_StdPeriph_Driver\\src\\misc.c 0x00000000   Number         0  misc.o ABSOLUTE
    ..\\00-STM32F4xx_STANDARD_PERIPHERAL_DRIVERS\\STM32F4xx_StdPeriph_Driver\\src\\stm32f4xx_adc.c 0x00000000   Number         0  stm32f4xx_adc.o ABSOLUTE
    ..\\00-STM32F4xx_STANDARD_PERIPHERAL_DRIVERS\\STM32F4xx_StdPeriph_Driver\\src\\stm32f4xx_gpio.c 0x00000000   Number         0  stm32f4xx_gpio.o ABSOLUTE
    ..\\00-STM32F4xx_STANDARD_PERIPHERAL_DRIVERS\\STM32F4xx_StdPeriph_Driver\\src\\stm32f4xx_rcc.c 0x00000000   Number         0  stm32f4xx_rcc.o ABSOLUTE
    ..\\00-STM32F4xx_STANDARD_PERIPHERAL_DRIVERS\\STM32F4xx_StdPeriph_Driver\\src\\stm32f4xx_usart.c 0x00000000   Number         0  stm32f4xx_usart.o ABSOLUTE
    User\\auto_sampler.c                     0x00000000   Number         0  auto_sampler.o ABSOLUTE
    User\\fft_processor.c                    0x00000000   Number         0  fft_processor.o ABSOLUTE
    User\\main.c                             0x00000000   Number         0  main.o ABSOLUTE
    User\\stm32f4xx_it.c                     0x00000000   Number         0  stm32f4xx_it.o ABSOLUTE
    User\\system_stm32f4xx.c                 0x00000000   Number         0  system_stm32f4xx.o ABSOLUTE
    User\\usart.c                            0x00000000   Number         0  usart.o ABSOLUTE
    User\\ws2812b.c                          0x00000000   Number         0  ws2812b.o ABSOLUTE
    User\auto_sampler.c                      0x00000000   Number         0  auto_sampler.o ABSOLUTE
    User\fft_processor.c                     0x00000000   Number         0  fft_processor.o ABSOLUTE
    User\main.c                              0x00000000   Number         0  main.o ABSOLUTE
    User\stm32f4xx_it.c                      0x00000000   Number         0  stm32f4xx_it.o ABSOLUTE
    User\system_stm32f4xx.c                  0x00000000   Number         0  system_stm32f4xx.o ABSOLUTE
    User\usart.c                             0x00000000   Number         0  usart.o ABSOLUTE
    User\ws2812b.c                           0x00000000   Number         0  ws2812b.o ABSOLUTE
    cdrcmple.s                               0x00000000   Number         0  cdrcmple.o ABSOLUTE
    dc.s                                     0x00000000   Number         0  dc.o ABSOLUTE
    handlers.s                               0x00000000   Number         0  handlers.o ABSOLUTE
    init.s                                   0x00000000   Number         0  init.o ABSOLUTE
    RESET                                    0x08000000   Section      404  startup_stm32f401xx.o(RESET)
    .ARM.Collect$$$$00000000                 0x08000194   Section        0  entry.o(.ARM.Collect$$$$00000000)
    .ARM.Collect$$$$00000001                 0x08000194   Section        4  entry2.o(.ARM.Collect$$$$00000001)
    .ARM.Collect$$$$00000004                 0x08000198   Section        4  entry5.o(.ARM.Collect$$$$00000004)
    .ARM.Collect$$$$00000008                 0x0800019c   Section        0  entry7b.o(.ARM.Collect$$$$00000008)
    .ARM.Collect$$$$0000000A                 0x0800019c   Section        0  entry8b.o(.ARM.Collect$$$$0000000A)
    .ARM.Collect$$$$0000000B                 0x0800019c   Section        8  entry9a.o(.ARM.Collect$$$$0000000B)
    .ARM.Collect$$$$0000000D                 0x080001a4   Section        0  entry10a.o(.ARM.Collect$$$$0000000D)
    .ARM.Collect$$$$0000000F                 0x080001a4   Section        0  entry11a.o(.ARM.Collect$$$$0000000F)
    .ARM.Collect$$$$00002712                 0x080001a4   Section        4  entry2.o(.ARM.Collect$$$$00002712)
    __lit__00000000                          0x080001a4   Data           4  entry2.o(.ARM.Collect$$$$00002712)
    .text                                    0x080001a8   Section       36  startup_stm32f401xx.o(.text)
    $v0                                      0x080001a8   Number         0  startup_stm32f401xx.o(.text)
    .text                                    0x080001cc   Section        0  misc.o(.text)
    .text                                    0x0800027c   Section        0  stm32f4xx_rcc.o(.text)
    .text                                    0x080006c0   Section        0  stm32f4xx_gpio.o(.text)
    .text                                    0x080008cc   Section        0  stm32f4xx_dma.o(.text)
    .text                                    0x08000bec   Section        0  stm32f4xx_tim.o(.text)
    TI2_Config                               0x08001237   Thumb Code    54  stm32f4xx_tim.o(.text)
    TI1_Config                               0x0800159b   Thumb Code    46  stm32f4xx_tim.o(.text)
    .text                                    0x080015c8   Section        0  stm32f4xx_usart.o(.text)
    .text                                    0x08001920   Section        0  stm32f4xx_adc.o(.text)
    .text                                    0x08001c74   Section        0  tm_stm32f4_delay.o(.text)
    .text                                    0x08001d14   Section        0  tm_stm32f4_swo.o(.text)
    .text                                    0x08001d58   Section        0  tm_stm32f4_stdio.o(.text)
    .text                                    0x08001d84   Section        0  main.o(.text)
    .text                                    0x08001e54   Section        0  stm32f4xx_it.o(.text)
    .text                                    0x08001e70   Section        0  system_stm32f4xx.o(.text)
    SetSysClock                              0x08001f27   Thumb Code   158  system_stm32f4xx.o(.text)
    .text                                    0x08001fe8   Section        0  ws2812b.o(.text)
    WS2812_colorToBitArray                   0x080021b7   Thumb Code    42  ws2812b.o(.text)
    .text                                    0x080021fc   Section        0  usart.o(.text)
    .text                                    0x08002314   Section        0  auto_sampler.o(.text)
    .text                                    0x080024b4   Section        0  fft_processor.o(.text)
    .text                                    0x08002550   Section        0  arm_cmplx_mag_f32.o(.text)
    arm_sqrt_f32                             0x080025f7   Thumb Code    36  arm_cmplx_mag_f32.o(.text)
    .text                                    0x08002620   Section        0  arm_cfft_radix4_f32.o(.text)
    .text                                    0x08002c88   Section        0  arm_cfft_radix4_init_f32.o(.text)
    .text                                    0x08002d38   Section        0  arm_bitreversal.o(.text)
    .text                                    0x08002ee8   Section        0  memseta.o(.text)
    .text                                    0x08002f0c   Section        0  uidiv.o(.text)
    .text                                    0x08002f38   Section        0  uldiv.o(.text)
    .text                                    0x08002f9a   Section        0  dadd.o(.text)
    .text                                    0x08002f9a   Section        0  iusefp.o(.text)
    .text                                    0x080030e8   Section        0  dmul.o(.text)
    .text                                    0x080031cc   Section        0  ddiv.o(.text)
    .text                                    0x080032aa   Section        0  dfixul.o(.text)
    .text                                    0x080032dc   Section       48  cdrcmple.o(.text)
    .text                                    0x0800330c   Section       36  init.o(.text)
    .text                                    0x08003330   Section        0  llshl.o(.text)
    .text                                    0x0800334e   Section        0  llushr.o(.text)
    .text                                    0x0800336e   Section        0  llsshr.o(.text)
    .text                                    0x08003392   Section        0  depilogue.o(.text)
    i.__0fprintf                             0x0800344c   Section        0  printfa.o(i.__0fprintf)
    i.__0fprintf$bare                        0x08003468   Section        0  printfb.o(i.__0fprintf$bare)
    i.__scatterload_copy                     0x08003478   Section       14  handlers.o(i.__scatterload_copy)
    i.__scatterload_null                     0x08003486   Section        2  handlers.o(i.__scatterload_null)
    i.__scatterload_zeroinit                 0x08003488   Section       14  handlers.o(i.__scatterload_zeroinit)
    i._fp_digits                             0x08003498   Section        0  printfa.o(i._fp_digits)
    _fp_digits                               0x08003499   Thumb Code   334  printfa.o(i._fp_digits)
    i._printf_core                           0x080035fc   Section        0  printfb.o(i._printf_core)
    _printf_core                             0x080035fd   Thumb Code    34  printfb.o(i._printf_core)
    i._printf_core                           0x08003620   Section        0  printfa.o(i._printf_core)
    _printf_core                             0x08003621   Thumb Code  1744  printfa.o(i._printf_core)
    i._printf_post_padding                   0x08003cfc   Section        0  printfa.o(i._printf_post_padding)
    _printf_post_padding                     0x08003cfd   Thumb Code    36  printfa.o(i._printf_post_padding)
    i._printf_pre_padding                    0x08003d20   Section        0  printfa.o(i._printf_pre_padding)
    _printf_pre_padding                      0x08003d21   Thumb Code    46  printfa.o(i._printf_pre_padding)
    .constdata                               0x08003d4e   Section     2048  arm_common_tables.o(.constdata)
    .constdata                               0x08004550   Section    32768  arm_common_tables.o(.constdata)
    .data                                    0x20000000   Section       16  stm32f4xx_rcc.o(.data)
    APBAHBPrescTable                         0x20000000   Data          16  stm32f4xx_rcc.o(.data)
    .data                                    0x20000010   Section       16  tm_stm32f4_delay.o(.data)
    .data                                    0x20000020   Section        8  tm_stm32f4_swo.o(.data)
    .data                                    0x20000028   Section       20  system_stm32f4xx.o(.data)
    .data                                    0x2000003c   Section        8  ws2812b.o(.data)
    .data                                    0x20000044   Section        1  usart.o(.data)
    cnt                                      0x20000044   Data           1  usart.o(.data)
    .data                                    0x20000048   Section        8  auto_sampler.o(.data)
    .bss                                     0x20000050   Section     4103  ws2812b.o(.bss)
    .bss                                     0x20001057   Section       33  usart.o(.bss)
    .bss                                     0x20001078   Section     3092  fft_processor.o(.bss)
    STACK                                    0x20001c90   Section     1024  startup_stm32f401xx.o(STACK)

    Global Symbols

    Symbol Name                              Value     Ov Type        Size  Object(Section)

    BuildAttributes$$THM_ISAv4$E$P$D$K$B$S$7EM$VFPi3$EXTD16$VFPS$VFMA$PE$A:L22UL41UL21$X:L11$S22US41US21$IEEE1$IW$USESV6$~STKCKD$USESV7$~SHL$OSPACE$ROPI$EBA8$MICROLIB$REQ8$PRES8$EABIv2 0x00000000   Number         0  anon$$obj.o ABSOLUTE
    __ARM_use_no_argv                        0x00000000   Number         0  main.o ABSOLUTE
    TM_DELAY_1msHandler                       - Undefined Weak Reference
    TM_STDIO_StdinHandler                     - Undefined Weak Reference
    TM_STDIO_StdoutHandler                    - Undefined Weak Reference
    __cpp_initialize__aeabi_                  - Undefined Weak Reference
    __cxa_finalize                            - Undefined Weak Reference
    __decompress                              - Undefined Weak Reference
    _clock_init                               - Undefined Weak Reference
    _microlib_exit                            - Undefined Weak Reference
    __Vectors_Size                           0x00000194   Number         0  startup_stm32f401xx.o ABSOLUTE
    __Vectors                                0x08000000   Data           4  startup_stm32f401xx.o(RESET)
    __Vectors_End                            0x08000194   Data           0  startup_stm32f401xx.o(RESET)
    __main                                   0x08000195   Thumb Code     0  entry.o(.ARM.Collect$$$$00000000)
    _main_stk                                0x08000195   Thumb Code     0  entry2.o(.ARM.Collect$$$$00000001)
    _main_scatterload                        0x08000199   Thumb Code     0  entry5.o(.ARM.Collect$$$$00000004)
    __main_after_scatterload                 0x0800019d   Thumb Code     0  entry5.o(.ARM.Collect$$$$00000004)
    _main_clock                              0x0800019d   Thumb Code     0  entry7b.o(.ARM.Collect$$$$00000008)
    _main_cpp_init                           0x0800019d   Thumb Code     0  entry8b.o(.ARM.Collect$$$$0000000A)
    _main_init                               0x0800019d   Thumb Code     0  entry9a.o(.ARM.Collect$$$$0000000B)
    __rt_final_cpp                           0x080001a5   Thumb Code     0  entry10a.o(.ARM.Collect$$$$0000000D)
    __rt_final_exit                          0x080001a5   Thumb Code     0  entry11a.o(.ARM.Collect$$$$0000000F)
    Reset_Handler                            0x080001a9   Thumb Code     8  startup_stm32f401xx.o(.text)
    DMA1_Stream0_IRQHandler                  0x080001c3   Thumb Code     0  startup_stm32f401xx.o(.text)
    DMA1_Stream1_IRQHandler                  0x080001c3   Thumb Code     0  startup_stm32f401xx.o(.text)
    DMA1_Stream2_IRQHandler                  0x080001c3   Thumb Code     0  startup_stm32f401xx.o(.text)
    DMA1_Stream3_IRQHandler                  0x080001c3   Thumb Code     0  startup_stm32f401xx.o(.text)
    DMA1_Stream4_IRQHandler                  0x080001c3   Thumb Code     0  startup_stm32f401xx.o(.text)
    DMA1_Stream5_IRQHandler                  0x080001c3   Thumb Code     0  startup_stm32f401xx.o(.text)
    DMA1_Stream6_IRQHandler                  0x080001c3   Thumb Code     0  startup_stm32f401xx.o(.text)
    DMA1_Stream7_IRQHandler                  0x080001c3   Thumb Code     0  startup_stm32f401xx.o(.text)
    DMA2_Stream0_IRQHandler                  0x080001c3   Thumb Code     0  startup_stm32f401xx.o(.text)
    DMA2_Stream1_IRQHandler                  0x080001c3   Thumb Code     0  startup_stm32f401xx.o(.text)
    DMA2_Stream2_IRQHandler                  0x080001c3   Thumb Code     0  startup_stm32f401xx.o(.text)
    DMA2_Stream3_IRQHandler                  0x080001c3   Thumb Code     0  startup_stm32f401xx.o(.text)
    DMA2_Stream4_IRQHandler                  0x080001c3   Thumb Code     0  startup_stm32f401xx.o(.text)
    DMA2_Stream5_IRQHandler                  0x080001c3   Thumb Code     0  startup_stm32f401xx.o(.text)
    DMA2_Stream6_IRQHandler                  0x080001c3   Thumb Code     0  startup_stm32f401xx.o(.text)
    DMA2_Stream7_IRQHandler                  0x080001c3   Thumb Code     0  startup_stm32f401xx.o(.text)
    EXTI0_IRQHandler                         0x080001c3   Thumb Code     0  startup_stm32f401xx.o(.text)
    EXTI15_10_IRQHandler                     0x080001c3   Thumb Code     0  startup_stm32f401xx.o(.text)
    EXTI1_IRQHandler                         0x080001c3   Thumb Code     0  startup_stm32f401xx.o(.text)
    EXTI2_IRQHandler                         0x080001c3   Thumb Code     0  startup_stm32f401xx.o(.text)
    EXTI3_IRQHandler                         0x080001c3   Thumb Code     0  startup_stm32f401xx.o(.text)
    EXTI4_IRQHandler                         0x080001c3   Thumb Code     0  startup_stm32f401xx.o(.text)
    EXTI9_5_IRQHandler                       0x080001c3   Thumb Code     0  startup_stm32f401xx.o(.text)
    FLASH_IRQHandler                         0x080001c3   Thumb Code     0  startup_stm32f401xx.o(.text)
    FPU_IRQHandler                           0x080001c3   Thumb Code     0  startup_stm32f401xx.o(.text)
    I2C1_ER_IRQHandler                       0x080001c3   Thumb Code     0  startup_stm32f401xx.o(.text)
    I2C1_EV_IRQHandler                       0x080001c3   Thumb Code     0  startup_stm32f401xx.o(.text)
    I2C2_ER_IRQHandler                       0x080001c3   Thumb Code     0  startup_stm32f401xx.o(.text)
    I2C2_EV_IRQHandler                       0x080001c3   Thumb Code     0  startup_stm32f401xx.o(.text)
    I2C3_ER_IRQHandler                       0x080001c3   Thumb Code     0  startup_stm32f401xx.o(.text)
    I2C3_EV_IRQHandler                       0x080001c3   Thumb Code     0  startup_stm32f401xx.o(.text)
    OTG_FS_IRQHandler                        0x080001c3   Thumb Code     0  startup_stm32f401xx.o(.text)
    OTG_FS_WKUP_IRQHandler                   0x080001c3   Thumb Code     0  startup_stm32f401xx.o(.text)
    PVD_IRQHandler                           0x080001c3   Thumb Code     0  startup_stm32f401xx.o(.text)
    RCC_IRQHandler                           0x080001c3   Thumb Code     0  startup_stm32f401xx.o(.text)
    RTC_Alarm_IRQHandler                     0x080001c3   Thumb Code     0  startup_stm32f401xx.o(.text)
    RTC_WKUP_IRQHandler                      0x080001c3   Thumb Code     0  startup_stm32f401xx.o(.text)
    SDIO_IRQHandler                          0x080001c3   Thumb Code     0  startup_stm32f401xx.o(.text)
    SPI1_IRQHandler                          0x080001c3   Thumb Code     0  startup_stm32f401xx.o(.text)
    SPI2_IRQHandler                          0x080001c3   Thumb Code     0  startup_stm32f401xx.o(.text)
    SPI3_IRQHandler                          0x080001c3   Thumb Code     0  startup_stm32f401xx.o(.text)
    SPI4_IRQHandler                          0x080001c3   Thumb Code     0  startup_stm32f401xx.o(.text)
    TAMP_STAMP_IRQHandler                    0x080001c3   Thumb Code     0  startup_stm32f401xx.o(.text)
    TIM1_BRK_TIM9_IRQHandler                 0x080001c3   Thumb Code     0  startup_stm32f401xx.o(.text)
    TIM1_CC_IRQHandler                       0x080001c3   Thumb Code     0  startup_stm32f401xx.o(.text)
    TIM1_TRG_COM_TIM11_IRQHandler            0x080001c3   Thumb Code     0  startup_stm32f401xx.o(.text)
    TIM1_UP_TIM10_IRQHandler                 0x080001c3   Thumb Code     0  startup_stm32f401xx.o(.text)
    TIM2_IRQHandler                          0x080001c3   Thumb Code     0  startup_stm32f401xx.o(.text)
    TIM3_IRQHandler                          0x080001c3   Thumb Code     0  startup_stm32f401xx.o(.text)
    TIM4_IRQHandler                          0x080001c3   Thumb Code     0  startup_stm32f401xx.o(.text)
    TIM5_IRQHandler                          0x080001c3   Thumb Code     0  startup_stm32f401xx.o(.text)
    USART2_IRQHandler                        0x080001c3   Thumb Code     0  startup_stm32f401xx.o(.text)
    USART6_IRQHandler                        0x080001c3   Thumb Code     0  startup_stm32f401xx.o(.text)
    WWDG_IRQHandler                          0x080001c3   Thumb Code     0  startup_stm32f401xx.o(.text)
    NVIC_PriorityGroupConfig                 0x080001cd   Thumb Code    10  misc.o(.text)
    NVIC_Init                                0x080001d7   Thumb Code    96  misc.o(.text)
    NVIC_SetVectorTable                      0x08000237   Thumb Code    14  misc.o(.text)
    NVIC_SystemLPConfig                      0x08000245   Thumb Code    20  misc.o(.text)
    SysTick_CLKSourceConfig                  0x08000259   Thumb Code    24  misc.o(.text)
    RCC_DeInit                               0x0800027d   Thumb Code    68  stm32f4xx_rcc.o(.text)
    RCC_HSEConfig                            0x080002c1   Thumb Code    12  stm32f4xx_rcc.o(.text)
    RCC_GetFlagStatus                        0x080002cd   Thumb Code    46  stm32f4xx_rcc.o(.text)
    RCC_WaitForHSEStartUp                    0x080002fb   Thumb Code    44  stm32f4xx_rcc.o(.text)
    RCC_AdjustHSICalibrationValue            0x08000327   Thumb Code    16  stm32f4xx_rcc.o(.text)
    RCC_HSICmd                               0x08000337   Thumb Code     6  stm32f4xx_rcc.o(.text)
    RCC_LSEConfig                            0x0800033d   Thumb Code    24  stm32f4xx_rcc.o(.text)
    RCC_LSICmd                               0x08000355   Thumb Code     6  stm32f4xx_rcc.o(.text)
    RCC_PLLConfig                            0x0800035b   Thumb Code    32  stm32f4xx_rcc.o(.text)
    RCC_PLLCmd                               0x0800037b   Thumb Code     6  stm32f4xx_rcc.o(.text)
    RCC_PLLI2SConfig                         0x08000381   Thumb Code    14  stm32f4xx_rcc.o(.text)
    RCC_PLLI2SCmd                            0x0800038f   Thumb Code     6  stm32f4xx_rcc.o(.text)
    RCC_PLLSAIConfig                         0x08000395   Thumb Code    18  stm32f4xx_rcc.o(.text)
    RCC_PLLSAICmd                            0x080003a7   Thumb Code     6  stm32f4xx_rcc.o(.text)
    RCC_ClockSecuritySystemCmd               0x080003ad   Thumb Code     6  stm32f4xx_rcc.o(.text)
    RCC_MCO1Config                           0x080003b3   Thumb Code    18  stm32f4xx_rcc.o(.text)
    RCC_MCO2Config                           0x080003c5   Thumb Code    18  stm32f4xx_rcc.o(.text)
    RCC_SYSCLKConfig                         0x080003d7   Thumb Code    16  stm32f4xx_rcc.o(.text)
    RCC_GetSYSCLKSource                      0x080003e7   Thumb Code    12  stm32f4xx_rcc.o(.text)
    RCC_HCLKConfig                           0x080003f3   Thumb Code    16  stm32f4xx_rcc.o(.text)
    RCC_PCLK1Config                          0x08000403   Thumb Code    16  stm32f4xx_rcc.o(.text)
    RCC_PCLK2Config                          0x08000413   Thumb Code    18  stm32f4xx_rcc.o(.text)
    RCC_GetClocksFreq                        0x08000425   Thumb Code   134  stm32f4xx_rcc.o(.text)
    RCC_RTCCLKConfig                         0x080004ab   Thumb Code    42  stm32f4xx_rcc.o(.text)
    RCC_RTCCLKCmd                            0x080004d5   Thumb Code     8  stm32f4xx_rcc.o(.text)
    RCC_BackupResetCmd                       0x080004dd   Thumb Code     8  stm32f4xx_rcc.o(.text)
    RCC_I2SCLKConfig                         0x080004e5   Thumb Code     8  stm32f4xx_rcc.o(.text)
    RCC_SAIBlockACLKConfig                   0x080004ed   Thumb Code    16  stm32f4xx_rcc.o(.text)
    RCC_SAIBlockBCLKConfig                   0x080004fd   Thumb Code    16  stm32f4xx_rcc.o(.text)
    RCC_SAIPLLI2SClkDivConfig                0x0800050d   Thumb Code    18  stm32f4xx_rcc.o(.text)
    RCC_SAIPLLSAIClkDivConfig                0x0800051f   Thumb Code    24  stm32f4xx_rcc.o(.text)
    RCC_LTDCCLKDivConfig                     0x08000537   Thumb Code    16  stm32f4xx_rcc.o(.text)
    RCC_TIMCLKPresConfig                     0x08000547   Thumb Code     8  stm32f4xx_rcc.o(.text)
    RCC_AHB1PeriphClockCmd                   0x0800054f   Thumb Code    20  stm32f4xx_rcc.o(.text)
    RCC_AHB2PeriphClockCmd                   0x08000563   Thumb Code    20  stm32f4xx_rcc.o(.text)
    RCC_APB1PeriphClockCmd                   0x08000577   Thumb Code    20  stm32f4xx_rcc.o(.text)
    RCC_APB2PeriphClockCmd                   0x0800058b   Thumb Code    20  stm32f4xx_rcc.o(.text)
    RCC_AHB1PeriphResetCmd                   0x0800059f   Thumb Code    20  stm32f4xx_rcc.o(.text)
    RCC_AHB2PeriphResetCmd                   0x080005b3   Thumb Code    20  stm32f4xx_rcc.o(.text)
    RCC_APB1PeriphResetCmd                   0x080005c7   Thumb Code    20  stm32f4xx_rcc.o(.text)
    RCC_APB2PeriphResetCmd                   0x080005db   Thumb Code    20  stm32f4xx_rcc.o(.text)
    RCC_AHB1PeriphClockLPModeCmd             0x080005ef   Thumb Code    20  stm32f4xx_rcc.o(.text)
    RCC_AHB2PeriphClockLPModeCmd             0x08000603   Thumb Code    20  stm32f4xx_rcc.o(.text)
    RCC_APB1PeriphClockLPModeCmd             0x08000617   Thumb Code    20  stm32f4xx_rcc.o(.text)
    RCC_APB2PeriphClockLPModeCmd             0x0800062b   Thumb Code    20  stm32f4xx_rcc.o(.text)
    RCC_LSEModeConfig                        0x0800063f   Thumb Code    24  stm32f4xx_rcc.o(.text)
    RCC_ITConfig                             0x08000657   Thumb Code    64  stm32f4xx_rcc.o(.text)
    RCC_ClearFlag                            0x08000697   Thumb Code    12  stm32f4xx_rcc.o(.text)
    RCC_GetITStatus                          0x080006a3   Thumb Code    18  stm32f4xx_rcc.o(.text)
    RCC_ClearITPendingBit                    0x080006b5   Thumb Code     8  stm32f4xx_rcc.o(.text)
    GPIO_DeInit                              0x080006c1   Thumb Code   216  stm32f4xx_gpio.o(.text)
    GPIO_Init                                0x08000799   Thumb Code   120  stm32f4xx_gpio.o(.text)
    GPIO_StructInit                          0x08000811   Thumb Code    18  stm32f4xx_gpio.o(.text)
    GPIO_PinLockConfig                       0x08000823   Thumb Code    24  stm32f4xx_gpio.o(.text)
    GPIO_ReadInputDataBit                    0x0800083b   Thumb Code    14  stm32f4xx_gpio.o(.text)
    GPIO_ReadInputData                       0x08000849   Thumb Code     6  stm32f4xx_gpio.o(.text)
    GPIO_ReadOutputDataBit                   0x0800084f   Thumb Code    14  stm32f4xx_gpio.o(.text)
    GPIO_ReadOutputData                      0x0800085d   Thumb Code     6  stm32f4xx_gpio.o(.text)
    GPIO_SetBits                             0x08000863   Thumb Code     4  stm32f4xx_gpio.o(.text)
    GPIO_ResetBits                           0x08000867   Thumb Code     4  stm32f4xx_gpio.o(.text)
    GPIO_WriteBit                            0x0800086b   Thumb Code    10  stm32f4xx_gpio.o(.text)
    GPIO_Write                               0x08000875   Thumb Code     4  stm32f4xx_gpio.o(.text)
    GPIO_ToggleBits                          0x08000879   Thumb Code     8  stm32f4xx_gpio.o(.text)
    GPIO_PinAFConfig                         0x08000881   Thumb Code    32  stm32f4xx_gpio.o(.text)
    DMA_DeInit                               0x080008cd   Thumb Code   272  stm32f4xx_dma.o(.text)
    DMA_Init                                 0x080009dd   Thumb Code    80  stm32f4xx_dma.o(.text)
    DMA_StructInit                           0x08000a2d   Thumb Code    34  stm32f4xx_dma.o(.text)
    DMA_Cmd                                  0x08000a4f   Thumb Code    20  stm32f4xx_dma.o(.text)
    DMA_PeriphIncOffsetSizeConfig            0x08000a63   Thumb Code    20  stm32f4xx_dma.o(.text)
    DMA_FlowControllerConfig                 0x08000a77   Thumb Code    20  stm32f4xx_dma.o(.text)
    DMA_SetCurrDataCounter                   0x08000a8b   Thumb Code     4  stm32f4xx_dma.o(.text)
    DMA_GetCurrDataCounter                   0x08000a8f   Thumb Code     6  stm32f4xx_dma.o(.text)
    DMA_DoubleBufferModeConfig               0x08000a95   Thumb Code    22  stm32f4xx_dma.o(.text)
    DMA_DoubleBufferModeCmd                  0x08000aab   Thumb Code    20  stm32f4xx_dma.o(.text)
    DMA_MemoryTargetConfig                   0x08000abf   Thumb Code    10  stm32f4xx_dma.o(.text)
    DMA_GetCurrentMemoryTarget               0x08000ac9   Thumb Code    14  stm32f4xx_dma.o(.text)
    DMA_GetCmdStatus                         0x08000ad7   Thumb Code    14  stm32f4xx_dma.o(.text)
    DMA_GetFIFOStatus                        0x08000ae5   Thumb Code     8  stm32f4xx_dma.o(.text)
    DMA_GetFlagStatus                        0x08000aed   Thumb Code    42  stm32f4xx_dma.o(.text)
    DMA_ClearFlag                            0x08000b17   Thumb Code    34  stm32f4xx_dma.o(.text)
    DMA_ITConfig                             0x08000b39   Thumb Code    44  stm32f4xx_dma.o(.text)
    DMA_GetITStatus                          0x08000b65   Thumb Code    70  stm32f4xx_dma.o(.text)
    DMA_ClearITPendingBit                    0x08000bab   Thumb Code    34  stm32f4xx_dma.o(.text)
    TIM_DeInit                               0x08000bed   Thumb Code   284  stm32f4xx_tim.o(.text)
    TIM_TimeBaseInit                         0x08000d09   Thumb Code    96  stm32f4xx_tim.o(.text)
    TIM_TimeBaseStructInit                   0x08000d69   Thumb Code    18  stm32f4xx_tim.o(.text)
    TIM_PrescalerConfig                      0x08000d7b   Thumb Code     6  stm32f4xx_tim.o(.text)
    TIM_CounterModeConfig                    0x08000d81   Thumb Code    12  stm32f4xx_tim.o(.text)
    TIM_SetCounter                           0x08000d8d   Thumb Code     4  stm32f4xx_tim.o(.text)
    TIM_SetAutoreload                        0x08000d91   Thumb Code     4  stm32f4xx_tim.o(.text)
    TIM_GetCounter                           0x08000d95   Thumb Code     4  stm32f4xx_tim.o(.text)
    TIM_GetPrescaler                         0x08000d99   Thumb Code     4  stm32f4xx_tim.o(.text)
    TIM_UpdateDisableConfig                  0x08000d9d   Thumb Code    20  stm32f4xx_tim.o(.text)
    TIM_UpdateRequestConfig                  0x08000db1   Thumb Code    20  stm32f4xx_tim.o(.text)
    TIM_ARRPreloadConfig                     0x08000dc5   Thumb Code    20  stm32f4xx_tim.o(.text)
    TIM_SelectOnePulseMode                   0x08000dd9   Thumb Code    16  stm32f4xx_tim.o(.text)
    TIM_SetClockDivision                     0x08000de9   Thumb Code    16  stm32f4xx_tim.o(.text)
    TIM_Cmd                                  0x08000df9   Thumb Code    20  stm32f4xx_tim.o(.text)
    TIM_OC1Init                              0x08000e0d   Thumb Code    88  stm32f4xx_tim.o(.text)
    TIM_OC2Init                              0x08000e65   Thumb Code   120  stm32f4xx_tim.o(.text)
    TIM_OC3Init                              0x08000edd   Thumb Code   116  stm32f4xx_tim.o(.text)
    TIM_OC4Init                              0x08000f51   Thumb Code    88  stm32f4xx_tim.o(.text)
    TIM_OCStructInit                         0x08000fa9   Thumb Code    20  stm32f4xx_tim.o(.text)
    TIM_SelectOCxM                           0x08000fbd   Thumb Code   130  stm32f4xx_tim.o(.text)
    TIM_SetCompare1                          0x0800103f   Thumb Code     4  stm32f4xx_tim.o(.text)
    TIM_SetCompare2                          0x08001043   Thumb Code     4  stm32f4xx_tim.o(.text)
    TIM_SetCompare3                          0x08001047   Thumb Code     4  stm32f4xx_tim.o(.text)
    TIM_SetCompare4                          0x0800104b   Thumb Code     4  stm32f4xx_tim.o(.text)
    TIM_ForcedOC1Config                      0x0800104f   Thumb Code    12  stm32f4xx_tim.o(.text)
    TIM_ForcedOC2Config                      0x0800105b   Thumb Code    20  stm32f4xx_tim.o(.text)
    TIM_ForcedOC3Config                      0x0800106f   Thumb Code    12  stm32f4xx_tim.o(.text)
    TIM_ForcedOC4Config                      0x0800107b   Thumb Code    20  stm32f4xx_tim.o(.text)
    TIM_OC1PreloadConfig                     0x0800108f   Thumb Code    12  stm32f4xx_tim.o(.text)
    TIM_OC2PreloadConfig                     0x0800109b   Thumb Code    20  stm32f4xx_tim.o(.text)
    TIM_OC3PreloadConfig                     0x080010af   Thumb Code    12  stm32f4xx_tim.o(.text)
    TIM_OC4PreloadConfig                     0x080010bb   Thumb Code    20  stm32f4xx_tim.o(.text)
    TIM_OC1FastConfig                        0x080010cf   Thumb Code    12  stm32f4xx_tim.o(.text)
    TIM_OC2FastConfig                        0x080010db   Thumb Code    20  stm32f4xx_tim.o(.text)
    TIM_OC3FastConfig                        0x080010ef   Thumb Code    12  stm32f4xx_tim.o(.text)
    TIM_OC4FastConfig                        0x080010fb   Thumb Code    20  stm32f4xx_tim.o(.text)
    TIM_ClearOC1Ref                          0x0800110f   Thumb Code    12  stm32f4xx_tim.o(.text)
    TIM_ClearOC2Ref                          0x0800111b   Thumb Code    20  stm32f4xx_tim.o(.text)
    TIM_ClearOC3Ref                          0x0800112f   Thumb Code    12  stm32f4xx_tim.o(.text)
    TIM_ClearOC4Ref                          0x0800113b   Thumb Code    20  stm32f4xx_tim.o(.text)
    TIM_OC1PolarityConfig                    0x0800114f   Thumb Code    12  stm32f4xx_tim.o(.text)
    TIM_OC1NPolarityConfig                   0x0800115b   Thumb Code    12  stm32f4xx_tim.o(.text)
    TIM_OC2PolarityConfig                    0x08001167   Thumb Code    20  stm32f4xx_tim.o(.text)
    TIM_OC2NPolarityConfig                   0x0800117b   Thumb Code    20  stm32f4xx_tim.o(.text)
    TIM_OC3PolarityConfig                    0x0800118f   Thumb Code    20  stm32f4xx_tim.o(.text)
    TIM_OC3NPolarityConfig                   0x080011a3   Thumb Code    20  stm32f4xx_tim.o(.text)
    TIM_OC4PolarityConfig                    0x080011b7   Thumb Code    20  stm32f4xx_tim.o(.text)
    TIM_CCxCmd                               0x080011cb   Thumb Code    22  stm32f4xx_tim.o(.text)
    TIM_CCxNCmd                              0x080011e1   Thumb Code    22  stm32f4xx_tim.o(.text)
    TIM_SetIC4Prescaler                      0x080011f7   Thumb Code    24  stm32f4xx_tim.o(.text)
    TIM_SetIC3Prescaler                      0x0800120f   Thumb Code    16  stm32f4xx_tim.o(.text)
    TIM_SetIC2Prescaler                      0x0800121f   Thumb Code    24  stm32f4xx_tim.o(.text)
    TIM_SetIC1Prescaler                      0x0800126d   Thumb Code    16  stm32f4xx_tim.o(.text)
    TIM_ICInit                               0x0800127d   Thumb Code   164  stm32f4xx_tim.o(.text)
    TIM_ICStructInit                         0x08001321   Thumb Code    16  stm32f4xx_tim.o(.text)
    TIM_PWMIConfig                           0x08001331   Thumb Code   104  stm32f4xx_tim.o(.text)
    TIM_GetCapture1                          0x08001399   Thumb Code     4  stm32f4xx_tim.o(.text)
    TIM_GetCapture2                          0x0800139d   Thumb Code     4  stm32f4xx_tim.o(.text)
    TIM_GetCapture3                          0x080013a1   Thumb Code     4  stm32f4xx_tim.o(.text)
    TIM_GetCapture4                          0x080013a5   Thumb Code     4  stm32f4xx_tim.o(.text)
    TIM_BDTRConfig                           0x080013a9   Thumb Code    34  stm32f4xx_tim.o(.text)
    TIM_BDTRStructInit                       0x080013cb   Thumb Code    18  stm32f4xx_tim.o(.text)
    TIM_CtrlPWMOutputs                       0x080013dd   Thumb Code    22  stm32f4xx_tim.o(.text)
    TIM_SelectCOM                            0x080013f3   Thumb Code    20  stm32f4xx_tim.o(.text)
    TIM_CCPreloadControl                     0x08001407   Thumb Code    20  stm32f4xx_tim.o(.text)
    TIM_ITConfig                             0x0800141b   Thumb Code    16  stm32f4xx_tim.o(.text)
    TIM_GenerateEvent                        0x0800142b   Thumb Code     4  stm32f4xx_tim.o(.text)
    TIM_GetFlagStatus                        0x0800142f   Thumb Code    14  stm32f4xx_tim.o(.text)
    TIM_ClearFlag                            0x0800143d   Thumb Code     6  stm32f4xx_tim.o(.text)
    TIM_GetITStatus                          0x08001443   Thumb Code    24  stm32f4xx_tim.o(.text)
    TIM_ClearITPendingBit                    0x0800145b   Thumb Code     6  stm32f4xx_tim.o(.text)
    TIM_DMAConfig                            0x08001461   Thumb Code     8  stm32f4xx_tim.o(.text)
    TIM_DMACmd                               0x08001469   Thumb Code    16  stm32f4xx_tim.o(.text)
    TIM_SelectCCDMA                          0x08001479   Thumb Code    20  stm32f4xx_tim.o(.text)
    TIM_InternalClockConfig                  0x0800148d   Thumb Code    10  stm32f4xx_tim.o(.text)
    TIM_SelectInputTrigger                   0x08001497   Thumb Code    12  stm32f4xx_tim.o(.text)
    TIM_ITRxExternalClockConfig              0x080014a3   Thumb Code    18  stm32f4xx_tim.o(.text)
    TIM_TIxExternalClockConfig               0x080014b5   Thumb Code    46  stm32f4xx_tim.o(.text)
    TIM_ETRConfig                            0x080014e3   Thumb Code    24  stm32f4xx_tim.o(.text)
    TIM_ETRClockMode1Config                  0x080014fb   Thumb Code    18  stm32f4xx_tim.o(.text)
    TIM_ETRClockMode2Config                  0x0800150d   Thumb Code    18  stm32f4xx_tim.o(.text)
    TIM_SelectOutputTrigger                  0x0800151f   Thumb Code    16  stm32f4xx_tim.o(.text)
    TIM_SelectSlaveMode                      0x0800152f   Thumb Code    16  stm32f4xx_tim.o(.text)
    TIM_SelectMasterSlaveMode                0x0800153f   Thumb Code    16  stm32f4xx_tim.o(.text)
    TIM_EncoderInterfaceConfig               0x0800154f   Thumb Code    50  stm32f4xx_tim.o(.text)
    TIM_SelectHallSensor                     0x08001581   Thumb Code    20  stm32f4xx_tim.o(.text)
    TIM_RemapConfig                          0x08001595   Thumb Code     6  stm32f4xx_tim.o(.text)
    USART_DeInit                             0x080015c9   Thumb Code   138  stm32f4xx_usart.o(.text)
    USART_Init                               0x08001653   Thumb Code   164  stm32f4xx_usart.o(.text)
    USART_StructInit                         0x080016f7   Thumb Code    22  stm32f4xx_usart.o(.text)
    USART_ClockInit                          0x0800170d   Thumb Code    28  stm32f4xx_usart.o(.text)
    USART_ClockStructInit                    0x08001729   Thumb Code    12  stm32f4xx_usart.o(.text)
    USART_Cmd                                0x08001735   Thumb Code    20  stm32f4xx_usart.o(.text)
    USART_SetPrescaler                       0x08001749   Thumb Code    16  stm32f4xx_usart.o(.text)
    USART_OverSampling8Cmd                   0x08001759   Thumb Code    20  stm32f4xx_usart.o(.text)
    USART_OneBitMethodCmd                    0x0800176d   Thumb Code    20  stm32f4xx_usart.o(.text)
    USART_SendData                           0x08001781   Thumb Code     8  stm32f4xx_usart.o(.text)
    USART_ReceiveData                        0x08001789   Thumb Code     8  stm32f4xx_usart.o(.text)
    USART_SetAddress                         0x08001791   Thumb Code    16  stm32f4xx_usart.o(.text)
    USART_ReceiverWakeUpCmd                  0x080017a1   Thumb Code    20  stm32f4xx_usart.o(.text)
    USART_WakeUpConfig                       0x080017b5   Thumb Code    16  stm32f4xx_usart.o(.text)
    USART_LINBreakDetectLengthConfig         0x080017c5   Thumb Code    16  stm32f4xx_usart.o(.text)
    USART_LINCmd                             0x080017d5   Thumb Code    20  stm32f4xx_usart.o(.text)
    USART_SendBreak                          0x080017e9   Thumb Code    10  stm32f4xx_usart.o(.text)
    USART_HalfDuplexCmd                      0x080017f3   Thumb Code    20  stm32f4xx_usart.o(.text)
    USART_SetGuardTime                       0x08001807   Thumb Code    16  stm32f4xx_usart.o(.text)
    USART_SmartCardCmd                       0x08001817   Thumb Code    20  stm32f4xx_usart.o(.text)
    USART_SmartCardNACKCmd                   0x0800182b   Thumb Code    20  stm32f4xx_usart.o(.text)
    USART_IrDAConfig                         0x0800183f   Thumb Code    16  stm32f4xx_usart.o(.text)
    USART_IrDACmd                            0x0800184f   Thumb Code    20  stm32f4xx_usart.o(.text)
    USART_DMACmd                             0x08001863   Thumb Code    16  stm32f4xx_usart.o(.text)
    USART_ITConfig                           0x08001873   Thumb Code    48  stm32f4xx_usart.o(.text)
    USART_GetFlagStatus                      0x080018a3   Thumb Code    14  stm32f4xx_usart.o(.text)
    USART_ClearFlag                          0x080018b1   Thumb Code     6  stm32f4xx_usart.o(.text)
    USART_GetITStatus                        0x080018b7   Thumb Code    62  stm32f4xx_usart.o(.text)
    USART_ClearITPendingBit                  0x080018f5   Thumb Code    12  stm32f4xx_usart.o(.text)
    ADC_DeInit                               0x08001921   Thumb Code    24  stm32f4xx_adc.o(.text)
    ADC_Init                                 0x08001939   Thumb Code    66  stm32f4xx_adc.o(.text)
    ADC_StructInit                           0x0800197b   Thumb Code    20  stm32f4xx_adc.o(.text)
    ADC_CommonInit                           0x0800198f   Thumb Code    34  stm32f4xx_adc.o(.text)
    ADC_CommonStructInit                     0x080019b1   Thumb Code    12  stm32f4xx_adc.o(.text)
    ADC_Cmd                                  0x080019bd   Thumb Code    20  stm32f4xx_adc.o(.text)
    ADC_AnalogWatchdogCmd                    0x080019d1   Thumb Code    12  stm32f4xx_adc.o(.text)
    ADC_AnalogWatchdogThresholdsConfig       0x080019dd   Thumb Code     6  stm32f4xx_adc.o(.text)
    ADC_AnalogWatchdogSingleChannelConfig    0x080019e3   Thumb Code    12  stm32f4xx_adc.o(.text)
    ADC_TempSensorVrefintCmd                 0x080019ef   Thumb Code    26  stm32f4xx_adc.o(.text)
    ADC_VBATCmd                              0x08001a09   Thumb Code    26  stm32f4xx_adc.o(.text)
    ADC_RegularChannelConfig                 0x08001a23   Thumb Code   116  stm32f4xx_adc.o(.text)
    ADC_SoftwareStartConv                    0x08001a97   Thumb Code    10  stm32f4xx_adc.o(.text)
    ADC_GetSoftwareStartConvStatus           0x08001aa1   Thumb Code    14  stm32f4xx_adc.o(.text)
    ADC_EOCOnEachRegularChannelCmd           0x08001aaf   Thumb Code    20  stm32f4xx_adc.o(.text)
    ADC_ContinuousModeCmd                    0x08001ac3   Thumb Code    20  stm32f4xx_adc.o(.text)
    ADC_DiscModeChannelCountConfig           0x08001ad7   Thumb Code    16  stm32f4xx_adc.o(.text)
    ADC_DiscModeCmd                          0x08001ae7   Thumb Code    20  stm32f4xx_adc.o(.text)
    ADC_GetConversionValue                   0x08001afb   Thumb Code     6  stm32f4xx_adc.o(.text)
    ADC_GetMultiModeConversionValue          0x08001b01   Thumb Code     8  stm32f4xx_adc.o(.text)
    ADC_DMACmd                               0x08001b09   Thumb Code    20  stm32f4xx_adc.o(.text)
    ADC_DMARequestAfterLastTransferCmd       0x08001b1d   Thumb Code    20  stm32f4xx_adc.o(.text)
    ADC_MultiModeDMARequestAfterLastTransferCmd 0x08001b31   Thumb Code    26  stm32f4xx_adc.o(.text)
    ADC_InjectedChannelConfig                0x08001b4b   Thumb Code    74  stm32f4xx_adc.o(.text)
    ADC_InjectedSequencerLengthConfig        0x08001b95   Thumb Code    16  stm32f4xx_adc.o(.text)
    ADC_SetInjectedOffset                    0x08001ba5   Thumb Code    10  stm32f4xx_adc.o(.text)
    ADC_ExternalTrigInjectedConvConfig       0x08001baf   Thumb Code    12  stm32f4xx_adc.o(.text)
    ADC_ExternalTrigInjectedConvEdgeConfig   0x08001bbb   Thumb Code    12  stm32f4xx_adc.o(.text)
    ADC_SoftwareStartInjectedConv            0x08001bc7   Thumb Code    10  stm32f4xx_adc.o(.text)
    ADC_GetSoftwareStartInjectedConvCmdStatus 0x08001bd1   Thumb Code    14  stm32f4xx_adc.o(.text)
    ADC_AutoInjectedConvCmd                  0x08001bdf   Thumb Code    20  stm32f4xx_adc.o(.text)
    ADC_InjectedDiscModeCmd                  0x08001bf3   Thumb Code    20  stm32f4xx_adc.o(.text)
    ADC_GetInjectedConversionValue           0x08001c07   Thumb Code    14  stm32f4xx_adc.o(.text)
    ADC_ITConfig                             0x08001c15   Thumb Code    18  stm32f4xx_adc.o(.text)
    ADC_GetFlagStatus                        0x08001c27   Thumb Code    14  stm32f4xx_adc.o(.text)
    ADC_ClearFlag                            0x08001c35   Thumb Code     6  stm32f4xx_adc.o(.text)
    ADC_GetITStatus                          0x08001c3b   Thumb Code    30  stm32f4xx_adc.o(.text)
    ADC_ClearITPendingBit                    0x08001c59   Thumb Code     8  stm32f4xx_adc.o(.text)
    TimingDelay_Decrement                    0x08001c75   Thumb Code    26  tm_stm32f4_delay.o(.text)
    TM_DELAY_Init                            0x08001c8f   Thumb Code    82  tm_stm32f4_delay.o(.text)
    TM_DELAY_EnableDelayTimer                0x08001ce1   Thumb Code    22  tm_stm32f4_delay.o(.text)
    TM_DELAY_DisableDelayTimer               0x08001cf7   Thumb Code    14  tm_stm32f4_delay.o(.text)
    TM_SWO_fputc                             0x08001d15   Thumb Code    38  tm_stm32f4_swo.o(.text)
    TM_SWO_Init                              0x08001d3b   Thumb Code    16  tm_stm32f4_swo.o(.text)
    fputc                                    0x08001d59   Thumb Code    18  tm_stm32f4_stdio.o(.text)
    fgetc                                    0x08001d6b   Thumb Code    18  tm_stm32f4_stdio.o(.text)
    TM_STDIO_SetOutputFunction               0x08001d7d   Thumb Code     4  tm_stm32f4_stdio.o(.text)
    TM_STDIO_SetInputFunction                0x08001d81   Thumb Code     4  tm_stm32f4_stdio.o(.text)
    main                                     0x08001d85   Thumb Code   138  main.o(.text)
    NMI_Handler                              0x08001e55   Thumb Code     2  stm32f4xx_it.o(.text)
    HardFault_Handler                        0x08001e57   Thumb Code     2  stm32f4xx_it.o(.text)
    MemManage_Handler                        0x08001e59   Thumb Code     2  stm32f4xx_it.o(.text)
    BusFault_Handler                         0x08001e5b   Thumb Code     2  stm32f4xx_it.o(.text)
    UsageFault_Handler                       0x08001e5d   Thumb Code     2  stm32f4xx_it.o(.text)
    SVC_Handler                              0x08001e5f   Thumb Code     2  stm32f4xx_it.o(.text)
    DebugMon_Handler                         0x08001e61   Thumb Code     2  stm32f4xx_it.o(.text)
    PendSV_Handler                           0x08001e63   Thumb Code     2  stm32f4xx_it.o(.text)
    SysTick_Handler                          0x08001e67   Thumb Code     8  stm32f4xx_it.o(.text)
    SystemInit                               0x08001e71   Thumb Code    74  system_stm32f4xx.o(.text)
    SystemCoreClockUpdate                    0x08001ebb   Thumb Code   108  system_stm32f4xx.o(.text)
    WS2812_init                              0x08001fe9   Thumb Code   220  ws2812b.o(.text)
    WS2812_send                              0x080020c5   Thumb Code   188  ws2812b.o(.text)
    WS2812_updateLEDs                        0x08002181   Thumb Code     6  ws2812b.o(.text)
    WS2812_setPixelColor                     0x08002187   Thumb Code    30  ws2812b.o(.text)
    WS2812_clearPixel                        0x080021a5   Thumb Code    18  ws2812b.o(.text)
    init_USART1                              0x080021fd   Thumb Code   160  usart.o(.text)
    USART_puts                               0x0800229d   Thumb Code    34  usart.o(.text)
    USART1_IRQHandler                        0x080022bf   Thumb Code    64  usart.o(.text)
    AutoSampler_Init                         0x08002315   Thumb Code   260  auto_sampler.o(.text)
    AutoSampler_GetReading                   0x08002419   Thumb Code     6  auto_sampler.o(.text)
    AutoSampler_Start                        0x0800241f   Thumb Code    46  auto_sampler.o(.text)
    AutoSampler_Stop                         0x0800244d   Thumb Code    46  auto_sampler.o(.text)
    AutoSampler_Available                    0x0800247b   Thumb Code    18  auto_sampler.o(.text)
    ADC_IRQHandler                           0x0800248d   Thumb Code    18  auto_sampler.o(.text)
    FFTProcessor_Run                         0x080024b5   Thumb Code   130  fft_processor.o(.text)
    arm_cmplx_mag_f32                        0x08002551   Thumb Code   166  arm_cmplx_mag_f32.o(.text)
    arm_radix4_butterfly_f32                 0x08002621   Thumb Code   776  arm_cfft_radix4_f32.o(.text)
    arm_radix4_butterfly_inverse_f32         0x08002929   Thumb Code   804  arm_cfft_radix4_f32.o(.text)
    arm_cfft_radix4_f32                      0x08002c4d   Thumb Code    60  arm_cfft_radix4_f32.o(.text)
    arm_cfft_radix4_init_f32                 0x08002c89   Thumb Code   142  arm_cfft_radix4_init_f32.o(.text)
    arm_bitreversal_f32                      0x08002d39   Thumb Code   170  arm_bitreversal.o(.text)
    arm_bitreversal_q31                      0x08002de3   Thumb Code   164  arm_bitreversal.o(.text)
    arm_bitreversal_q15                      0x08002e87   Thumb Code    98  arm_bitreversal.o(.text)
    __aeabi_memset                           0x08002ee9   Thumb Code    14  memseta.o(.text)
    __aeabi_memset4                          0x08002ee9   Thumb Code     0  memseta.o(.text)
    __aeabi_memset8                          0x08002ee9   Thumb Code     0  memseta.o(.text)
    __aeabi_memclr                           0x08002ef7   Thumb Code     4  memseta.o(.text)
    __aeabi_memclr4                          0x08002ef7   Thumb Code     0  memseta.o(.text)
    __aeabi_memclr8                          0x08002ef7   Thumb Code     0  memseta.o(.text)
    _memset$wrapper                          0x08002efb   Thumb Code    18  memseta.o(.text)
    __aeabi_uidiv                            0x08002f0d   Thumb Code     0  uidiv.o(.text)
    __aeabi_uidivmod                         0x08002f0d   Thumb Code    44  uidiv.o(.text)
    __aeabi_uldivmod                         0x08002f39   Thumb Code    98  uldiv.o(.text)
    __I$use$fp                               0x08002f9b   Thumb Code     0  iusefp.o(.text)
    __aeabi_dadd                             0x08002f9b   Thumb Code   322  dadd.o(.text)
    __aeabi_dsub                             0x080030dd   Thumb Code     6  dadd.o(.text)
    __aeabi_drsub                            0x080030e3   Thumb Code     6  dadd.o(.text)
    __aeabi_dmul                             0x080030e9   Thumb Code   228  dmul.o(.text)
    __aeabi_ddiv                             0x080031cd   Thumb Code   222  ddiv.o(.text)
    __aeabi_d2ulz                            0x080032ab   Thumb Code    48  dfixul.o(.text)
    __aeabi_cdrcmple                         0x080032dd   Thumb Code    48  cdrcmple.o(.text)
    __scatterload                            0x0800330d   Thumb Code    28  init.o(.text)
    __scatterload_rt2                        0x0800330d   Thumb Code     0  init.o(.text)
    __aeabi_llsl                             0x08003331   Thumb Code    30  llshl.o(.text)
    _ll_shift_l                              0x08003331   Thumb Code     0  llshl.o(.text)
    __aeabi_llsr                             0x0800334f   Thumb Code    32  llushr.o(.text)
    _ll_ushift_r                             0x0800334f   Thumb Code     0  llushr.o(.text)
    __aeabi_lasr                             0x0800336f   Thumb Code    36  llsshr.o(.text)
    _ll_sshift_r                             0x0800336f   Thumb Code     0  llsshr.o(.text)
    _double_round                            0x08003393   Thumb Code    30  depilogue.o(.text)
    _double_epilogue                         0x080033b1   Thumb Code   156  depilogue.o(.text)
    __0fprintf                               0x0800344d   Thumb Code    22  printfa.o(i.__0fprintf)
    __1fprintf                               0x0800344d   Thumb Code     0  printfa.o(i.__0fprintf)
    __2fprintf$full                          0x0800344d   Thumb Code     0  printfa.o(i.__0fprintf)
    __c89fprintf                             0x0800344d   Thumb Code     0  printfa.o(i.__0fprintf)
    fprintf                                  0x0800344d   Thumb Code     0  printfa.o(i.__0fprintf)
    __0fprintf$bare                          0x08003469   Thumb Code    12  printfb.o(i.__0fprintf$bare)
    __1fprintf$bare                          0x08003469   Thumb Code     0  printfb.o(i.__0fprintf$bare)
    __2fprintf                               0x08003469   Thumb Code     0  printfb.o(i.__0fprintf$bare)
    __scatterload_copy                       0x08003479   Thumb Code    14  handlers.o(i.__scatterload_copy)
    __scatterload_null                       0x08003487   Thumb Code     2  handlers.o(i.__scatterload_null)
    __scatterload_zeroinit                   0x08003489   Thumb Code    14  handlers.o(i.__scatterload_zeroinit)
    armBitRevTable                           0x08003d4e   Data        2048  arm_common_tables.o(.constdata)
    twiddleCoef_4096                         0x08004550   Data       32768  arm_common_tables.o(.constdata)
    Region$$Table$$Base                      0x0800c550   Number         0  anon$$obj.o(Region$$Table)
    Region$$Table$$Limit                     0x0800c570   Number         0  anon$$obj.o(Region$$Table)
    TM_DELAY_Initialized                     0x20000010   Data           1  tm_stm32f4_delay.o(.data)
    TM_Time                                  0x20000014   Data           4  tm_stm32f4_delay.o(.data)
    TM_Time2                                 0x20000018   Data           4  tm_stm32f4_delay.o(.data)
    mult                                     0x2000001c   Data           4  tm_stm32f4_delay.o(.data)
    TM_SWO_File                              0x20000020   Data           8  tm_stm32f4_swo.o(.data)
    SystemCoreClock                          0x20000028   Data           4  system_stm32f4xx.o(.data)
    AHBPrescTable                            0x2000002c   Data          16  system_stm32f4xx.o(.data)
    GPIO_InitStructure                       0x2000003c   Data           8  ws2812b.o(.data)
    ADCvalue                                 0x20000048   Data           2  auto_sampler.o(.data)
    newDataAvailable                         0x2000004c   Data           4  auto_sampler.o(.data)
    TIM_TimeBaseStructure                    0x20000050   Data          12  ws2812b.o(.bss)
    TIM_OCInitStructure                      0x2000005c   Data          20  ws2812b.o(.bss)
    DMA_InitStructure                        0x20000070   Data          60  ws2812b.o(.bss)
    LED_BYTE_Buffer                          0x200000ac   Data        3780  ws2812b.o(.bss)
    pixels                                   0x20000f70   Data         231  ws2812b.o(.bss)
    received_string                          0x20001057   Data          33  usart.o(.bss)
    Input                                    0x20001078   Data        2048  fft_processor.o(.bss)
    Output                                   0x20001878   Data        1024  fft_processor.o(.bss)
    S                                        0x20001c78   Data          20  fft_processor.o(.bss)
    __initial_sp                             0x20002090   Data           0  startup_stm32f401xx.o(STACK)



==============================================================================

Memory Map of the image

  Image Entry point : 0x08000195

  Load Region LR_IROM1 (Base: 0x08000000, Size: 0x0000c5c0, Max: 0x00040000, ABSOLUTE)

    Execution Region ER_IROM1 (Base: 0x08000000, Size: 0x0000c570, Max: 0x00040000, ABSOLUTE)

    Base Addr    Size         Type   Attr      Idx    E Section Name        Object

    0x08000000   0x00000194   Data   RO            3    RESET               startup_stm32f401xx.o
    0x08000194   0x00000000   Code   RO          852  * .ARM.Collect$$$$00000000  mc_w.l(entry.o)
    0x08000194   0x00000004   Code   RO         1117    .ARM.Collect$$$$00000001  mc_w.l(entry2.o)
    0x08000198   0x00000004   Code   RO         1120    .ARM.Collect$$$$00000004  mc_w.l(entry5.o)
    0x0800019c   0x00000000   Code   RO         1122    .ARM.Collect$$$$00000008  mc_w.l(entry7b.o)
    0x0800019c   0x00000000   Code   RO         1124    .ARM.Collect$$$$0000000A  mc_w.l(entry8b.o)
    0x0800019c   0x00000008   Code   RO         1125    .ARM.Collect$$$$0000000B  mc_w.l(entry9a.o)
    0x080001a4   0x00000000   Code   RO         1127    .ARM.Collect$$$$0000000D  mc_w.l(entry10a.o)
    0x080001a4   0x00000000   Code   RO         1129    .ARM.Collect$$$$0000000F  mc_w.l(entry11a.o)
    0x080001a4   0x00000004   Code   RO         1118    .ARM.Collect$$$$00002712  mc_w.l(entry2.o)
    0x080001a8   0x00000024   Code   RO            4    .text               startup_stm32f401xx.o
    0x080001cc   0x000000b0   Code   RO           13    .text               misc.o
    0x0800027c   0x00000444   Code   RO          121    .text               stm32f4xx_rcc.o
    0x080006c0   0x0000020c   Code   RO          147    .text               stm32f4xx_gpio.o
    0x080008cc   0x00000320   Code   RO          171    .text               stm32f4xx_dma.o
    0x08000bec   0x000009dc   Code   RO          195    .text               stm32f4xx_tim.o
    0x080015c8   0x00000358   Code   RO          220    .text               stm32f4xx_usart.o
    0x08001920   0x00000354   Code   RO          244    .text               stm32f4xx_adc.o
    0x08001c74   0x000000a0   Code   RO          268    .text               tm_stm32f4_delay.o
    0x08001d14   0x00000044   Code   RO          368    .text               tm_stm32f4_swo.o
    0x08001d58   0x0000002c   Code   RO          405    .text               tm_stm32f4_stdio.o
    0x08001d84   0x000000d0   Code   RO          440    .text               main.o
    0x08001e54   0x0000001a   Code   RO          494    .text               stm32f4xx_it.o
    0x08001e6e   0x00000002   PAD
    0x08001e70   0x00000178   Code   RO          521    .text               system_stm32f4xx.o
    0x08001fe8   0x00000214   Code   RO          551    .text               ws2812b.o
    0x080021fc   0x00000118   Code   RO          582    .text               usart.o
    0x08002314   0x000001a0   Code   RO          610    .text               auto_sampler.o
    0x080024b4   0x0000009c   Code   RO          637    .text               fft_processor.o
    0x08002550   0x000000d0   Code   RO          667    .text               arm_cmplx_mag_f32.o
    0x08002620   0x00000668   Code   RO          697    .text               arm_cfft_radix4_f32.o
    0x08002c88   0x000000b0   Code   RO          721    .text               arm_cfft_radix4_init_f32.o
    0x08002d38   0x000001b0   Code   RO          749    .text               arm_bitreversal.o
    0x08002ee8   0x00000024   Code   RO          855    .text               mc_w.l(memseta.o)
    0x08002f0c   0x0000002c   Code   RO         1131    .text               mc_w.l(uidiv.o)
    0x08002f38   0x00000062   Code   RO         1133    .text               mc_w.l(uldiv.o)
    0x08002f9a   0x00000000   Code   RO         1135    .text               mc_w.l(iusefp.o)
    0x08002f9a   0x0000014e   Code   RO         1136    .text               mf_w.l(dadd.o)
    0x080030e8   0x000000e4   Code   RO         1138    .text               mf_w.l(dmul.o)
    0x080031cc   0x000000de   Code   RO         1140    .text               mf_w.l(ddiv.o)
    0x080032aa   0x00000030   Code   RO         1142    .text               mf_w.l(dfixul.o)
    0x080032da   0x00000002   PAD
    0x080032dc   0x00000030   Code   RO         1144    .text               mf_w.l(cdrcmple.o)
    0x0800330c   0x00000024   Code   RO         1146    .text               mc_w.l(init.o)
    0x08003330   0x0000001e   Code   RO         1148    .text               mc_w.l(llshl.o)
    0x0800334e   0x00000020   Code   RO         1150    .text               mc_w.l(llushr.o)
    0x0800336e   0x00000024   Code   RO         1152    .text               mc_w.l(llsshr.o)
    0x08003392   0x000000ba   Code   RO         1154    .text               mf_w.l(depilogue.o)
    0x0800344c   0x0000001c   Code   RO         1089    i.__0fprintf        mc_w.l(printfa.o)
    0x08003468   0x00000010   Code   RO          857    i.__0fprintf$bare   mc_w.l(printfb.o)
    0x08003478   0x0000000e   Code   RO         1158    i.__scatterload_copy  mc_w.l(handlers.o)
    0x08003486   0x00000002   Code   RO         1159    i.__scatterload_null  mc_w.l(handlers.o)
    0x08003488   0x0000000e   Code   RO         1160    i.__scatterload_zeroinit  mc_w.l(handlers.o)
    0x08003496   0x00000002   PAD
    0x08003498   0x00000164   Code   RO         1097    i._fp_digits        mc_w.l(printfa.o)
    0x080035fc   0x00000022   Code   RO          865    i._printf_core      mc_w.l(printfb.o)
    0x0800361e   0x00000002   PAD
    0x08003620   0x000006dc   Code   RO         1098    i._printf_core      mc_w.l(printfa.o)
    0x08003cfc   0x00000024   Code   RO         1099    i._printf_post_padding  mc_w.l(printfa.o)
    0x08003d20   0x0000002e   Code   RO         1100    i._printf_pre_padding  mc_w.l(printfa.o)
    0x08003d4e   0x00000800   Data   RO          773    .constdata          arm_common_tables.o
    0x0800454e   0x00000002   PAD
    0x08004550   0x00008000   Data   RO          782    .constdata          arm_common_tables.o
    0x0800c550   0x00000020   Data   RO         1156    Region$$Table       anon$$obj.o


    Execution Region RW_IRAM1 (Base: 0x20000000, Size: 0x00002090, Max: 0x00010000, ABSOLUTE)

    Base Addr    Size         Type   Attr      Idx    E Section Name        Object

    0x20000000   0x00000010   Data   RW          122    .data               stm32f4xx_rcc.o
    0x20000010   0x00000010   Data   RW          270    .data               tm_stm32f4_delay.o
    0x20000020   0x00000008   Data   RW          369    .data               tm_stm32f4_swo.o
    0x20000028   0x00000014   Data   RW          522    .data               system_stm32f4xx.o
    0x2000003c   0x00000008   Data   RW          553    .data               ws2812b.o
    0x20000044   0x00000001   Data   RW          584    .data               usart.o
    0x20000045   0x00000003   PAD
    0x20000048   0x00000008   Data   RW          611    .data               auto_sampler.o
    0x20000050   0x00001007   Zero   RW          552    .bss                ws2812b.o
    0x20001057   0x00000021   Zero   RW          583    .bss                usart.o
    0x20001078   0x00000c14   Zero   RW          638    .bss                fft_processor.o
    0x20001c8c   0x00000004   PAD
    0x20001c90   0x00000400   Zero   RW            1    STACK               startup_stm32f401xx.o

